<html>
<body>
<pre>
<h1>µVision Build Log</h1>
<h2>Tool Versions:</h2>
IDE-Version: µVision V5.13.0.0
Copyright (C) 2014 ARM Ltd and ARM Germany GmbH. All rights reserved.
License Information: LVD IC, STM32VN, LIC=Q7GII-T5LX5-WI65K-Z7CSA-35TIZ-WBTW0
 
Tool Versions:
Toolchain:       MDK-ARM Professional  Version: 5.13.0.0
Toolchain Path:  C:\Keil_v5\ARM\ARMCC\Bin
C Compiler:      Armcc.exe V5.05 update 1 (build 106)
Assembler:       Armasm.exe V5.05 update 1 (build 106)
Linker/Locator:  ArmLink.exe V5.05 update 1 (build 106)
Library Manager: ArmAr.exe V5.05 update 1 (build 106)
Hex Converter:   FromElf.exe V5.05 update 1 (build 106)
CPU DLL:         SARMCM3.DLL V5.13.0.0
Dialog DLL:      DCM.DLL V1.13.1.0
Target DLL:      STLink\ST-LINKIII-KEIL_SWO.dll V2.0.14.0_KEIL
Dialog DLL:      TCM.DLL V1.14.4.0
 
<h2>Project:</h2>
D:\0000AAAA\2 F1\00HOCF1\IIC\USER\IIC_UART.uvprojx
Project File Date:  03/18/2020

<h2>Output:</h2>
Build target 'TEMP'
compiling main.c...
main.c(80): warning:  #177-D: variable "nDevices" was declared but never referenced
         u8 nDevices=0,address=0;
main.c(80): warning:  #177-D: variable "address" was declared but never referenced
         u8 nDevices=0,address=0;
main.c(81): warning:  #177-D: variable "buffer" was declared but never referenced
         u8 buffer[2]={0,0};
main.c(82): warning:  #177-D: variable "temp" was declared but never referenced
         u16 temp=0;
main.c(83): warning:  #177-D: variable "LUX" was declared but never referenced
         float LUX=0;
main.c: 5 warnings, 0 errors
linking...
Program Size: Code=6124 RO-data=2656 RW-data=140 ZI-data=1828  
FromELF: creating hex file...
".\Objects\TEMP.axf" - 0 Error(s), 5 Warning(s).

<h2>Collection of Component include folders:</h2>
  D:\0000AAAA\2 F1\00HOCF1\IIC\USER\RTE
  C:\Keil_v5\ARM\PACK\Keil\STM32F1xx_DFP\2.0.0

<h2>Collection of Component Files used:</h2>
</pre>
</body>
</html>
