<html>
<body>
<pre>
<h1>µVision Build Log</h1>
<h2>Tool Versions:</h2>
IDE-Version: µVision V5.13.0.0
Copyright (C) 2014 ARM Ltd and ARM Germany GmbH. All rights reserved.
License Information: LVD IC, STM32VN, LIC=MGXHL-0FF1A-9Z1WW-Q0NIH-ZRP70-IPXNV
 
Tool Versions:
Toolchain:       MDK-ARM Professional  Version: 5.13.0.0
Toolchain Path:  C:\Keil_v5\ARM\ARMCC\Bin
C Compiler:      Armcc.exe V5.05 update 1 (build 106)
Assembler:       Armasm.exe V5.05 update 1 (build 106)
Linker/Locator:  ArmLink.exe V5.05 update 1 (build 106)
Library Manager: ArmAr.exe V5.05 update 1 (build 106)
Hex Converter:   FromElf.exe V5.05 update 1 (build 106)
CPU DLL:         SARMCM3.DLL V5.13.0.0
Dialog DLL:      DCM.DLL V1.13.1.0
Target DLL:      STLink\ST-LINKIII-KEIL_SWO.dll V3.0.5.0
Dialog DLL:      TCM.DLL V1.14.4.0
 
<h2>Project:</h2>
D:\0000AAAA\2 F1\00HOCF1\UART\USER\UART.uvprojx
Project File Date:  03/25/2020

<h2>Output:</h2>
Build target 'TEMP'
compiling main.c...
main.c(26): warning:  #177-D: variable "delaytime" was declared but never referenced
         u16 delaytime=1800;
main.c: 1 warning, 0 errors
linking...
Program Size: Code=13892 RO-data=792 RW-data=140 ZI-data=1828  
FromELF: creating hex file...
".\Objects\TEMP.axf" - 0 Error(s), 1 Warning(s).

<h2>Collection of Component include folders:</h2>
  D:\0000AAAA\2 F1\00HOCF1\UART\USER\RTE
  C:\Keil_v5\ARM\PACK\Keil\STM32F1xx_DFP\2.0.0

<h2>Collection of Component Files used:</h2>
</pre>
</body>
</html>
