<html>
<body>
<pre>
<h1>µVision Build Log</h1>
<h2>Tool Versions:</h2>
IDE-Version: µVision V5.13.0.0
Copyright (C) 2014 ARM Ltd and ARM Germany GmbH. All rights reserved.
License Information: LVD IC, STM32VN, LIC=Q7GII-T5LX5-WI65K-Z7CSA-35TIZ-WBTW0
 
Tool Versions:
Toolchain:       MDK-ARM Professional  Version: 5.13.0.0
Toolchain Path:  C:\Keil_v5\ARM\ARMCC\Bin
C Compiler:      Armcc.exe V5.05 update 1 (build 106)
Assembler:       Armasm.exe V5.05 update 1 (build 106)
Linker/Locator:  ArmLink.exe V5.05 update 1 (build 106)
Library Manager: ArmAr.exe V5.05 update 1 (build 106)
Hex Converter:   FromElf.exe V5.05 update 1 (build 106)
CPU DLL:         SARMCM3.DLL V5.13.0.0
Dialog DLL:      DCM.DLL V1.13.1.0
Target DLL:      STLink\ST-LINKIII-KEIL_SWO.dll V2.0.14.0_KEIL
Dialog DLL:      TCM.DLL V1.14.4.0
 
<h2>Project:</h2>
D:\0000AAAA\2 F1\00HOCF1\I2C\USER\IIC_UART.uvprojx
Project File Date:  03/19/2020

<h2>Output:</h2>
Build target 'IIC'
compiling main.c...
main.c(74): warning:  #177-D: variable "add" was declared but never referenced
         u8 add=0, err=0;
main.c(74): warning:  #177-D: variable "err" was declared but never referenced
         u8 add=0, err=0;
main.c: 2 warnings, 0 errors
linking...
Program Size: Code=10172 RO-data=2816 RW-data=124 ZI-data=1828  
FromELF: creating hex file...
".\Objects\TEMP.axf" - 0 Error(s), 2 Warning(s).

<h2>Collection of Component include folders:</h2>
  D:\0000AAAA\2 F1\00HOCF1\I2C\USER\RTE
  C:\Keil_v5\ARM\PACK\Keil\STM32F1xx_DFP\2.0.0

<h2>Collection of Component Files used:</h2>
</pre>
</body>
</html>
