<html>
<body>
<pre>
<h1>µVision Build Log</h1>
<h2>Tool Versions:</h2>
IDE-Version: µVision V5.13.0.0
Copyright (C) 2014 ARM Ltd and ARM Germany GmbH. All rights reserved.
License Information: LVD IC, STM32VN, LIC=MGXHL-0FF1A-9Z1WW-Q0NIH-ZRP70-IPXNV
 
Tool Versions:
Toolchain:       MDK-ARM Professional  Version: 5.13.0.0
Toolchain Path:  C:\Keil_v5\ARM\ARMCC\Bin
C Compiler:      Armcc.exe V5.05 update 1 (build 106)
Assembler:       Armasm.exe V5.05 update 1 (build 106)
Linker/Locator:  ArmLink.exe V5.05 update 1 (build 106)
Library Manager: ArmAr.exe V5.05 update 1 (build 106)
Hex Converter:   FromElf.exe V5.05 update 1 (build 106)
CPU DLL:         SARMCM3.DLL V5.13.0.0
Dialog DLL:      DARMSTM.DLL V1.65.0.0
Target DLL:      STLink\ST-LINKIII-KEIL_SWO.dll V3.0.5.0
Dialog DLL:      TARMSTM.DLL V1.64.0.0
 
<h2>Project:</h2>
D:\0000AAAA\2 F1\00HOCF1\RTOS\USER\RTOS.uvprojx
Project File Date:  04/16/2020

<h2>Output:</h2>
Build target 'RTOS'
compiling main.c...
main.c(137): warning:  #550-D: variable "key" was set but never used
        void *key=0;
main.c(171): warning:  #177-D: variable "err" was declared but never referenced
        u8 err;
main.c: 2 warnings, 0 errors
linking...
Program Size: Code=20796 RO-data=1048 RW-data=208 ZI-data=8352  
FromELF: creating hex file...
"..\OBJ\UCOSII-1.axf" - 0 Error(s), 2 Warning(s).

<h2>Collection of Component include folders:</h2>
  D:\0000AAAA\2 F1\00HOCF1\RTOS\USER\RTE
  C:\Keil_v5\ARM\PACK\Keil\STM32F1xx_DFP\2.0.0

<h2>Collection of Component Files used:</h2>
</pre>
</body>
</html>
