Component: ARM Compiler 5.05 update 1 (build 106) Tool: armlink [4d0efa]

==============================================================================

Section Cross References

    startup_stm32f10x_hd.o(STACK) refers (Special) to heapauxi.o(.text) for __use_two_region_memory
    startup_stm32f10x_hd.o(HEAP) refers (Special) to heapauxi.o(.text) for __use_two_region_memory
    startup_stm32f10x_hd.o(RESET) refers (Special) to heapauxi.o(.text) for __use_two_region_memory
    startup_stm32f10x_hd.o(RESET) refers to startup_stm32f10x_hd.o(STACK) for __initial_sp
    startup_stm32f10x_hd.o(RESET) refers to startup_stm32f10x_hd.o(.text) for Reset_Handler
    startup_stm32f10x_hd.o(RESET) refers to stm32f10x_it.o(i.NMI_Handler) for NMI_Handler
    startup_stm32f10x_hd.o(RESET) refers to stm32f10x_it.o(i.HardFault_Handler) for HardFault_Handler
    startup_stm32f10x_hd.o(RESET) refers to stm32f10x_it.o(i.MemManage_Handler) for MemManage_Handler
    startup_stm32f10x_hd.o(RESET) refers to stm32f10x_it.o(i.BusFault_Handler) for BusFault_Handler
    startup_stm32f10x_hd.o(RESET) refers to stm32f10x_it.o(i.UsageFault_Handler) for UsageFault_Handler
    startup_stm32f10x_hd.o(RESET) refers to stm32f10x_it.o(i.SVC_Handler) for SVC_Handler
    startup_stm32f10x_hd.o(RESET) refers to stm32f10x_it.o(i.DebugMon_Handler) for DebugMon_Handler
    startup_stm32f10x_hd.o(RESET) refers to stm32f10x_it.o(i.PendSV_Handler) for PendSV_Handler
    startup_stm32f10x_hd.o(RESET) refers to stm32f10x_it.o(i.SysTick_Handler) for SysTick_Handler
    startup_stm32f10x_hd.o(RESET) refers to usart.o(i.USART1_IRQHandler) for USART1_IRQHandler
    startup_stm32f10x_hd.o(RESET) refers to usart.o(i.USART2_IRQHandler) for USART2_IRQHandler
    startup_stm32f10x_hd.o(RESET) refers to usart.o(i.USART3_IRQHandler) for USART3_IRQHandler
    startup_stm32f10x_hd.o(RESET) refers to usart.o(i.UART4_IRQHandler) for UART4_IRQHandler
    startup_stm32f10x_hd.o(RESET) refers to usart.o(i.UART5_IRQHandler) for UART5_IRQHandler
    startup_stm32f10x_hd.o(.text) refers (Special) to heapauxi.o(.text) for __use_two_region_memory
    startup_stm32f10x_hd.o(.text) refers to system_stm32f10x.o(i.SystemInit) for SystemInit
    startup_stm32f10x_hd.o(.text) refers to __main.o(!!!main) for __main
    startup_stm32f10x_hd.o(.text) refers to startup_stm32f10x_hd.o(HEAP) for Heap_Mem
    startup_stm32f10x_hd.o(.text) refers to startup_stm32f10x_hd.o(STACK) for Stack_Mem
    led.o(i.LED_init) refers to sys.o(i.GPIO_Set) for GPIO_Set
    led.o(i.LED_init) refers to stm32f10x_gpio.o(i.GPIO_ResetBits) for GPIO_ResetBits
    adc.o(i.ADC_INT_Channel_0_Init) refers to adc.o(i.ADC_INT_InitPin) for ADC_INT_InitPin
    adc.o(i.ADC_INT_Channel_10_Init) refers to adc.o(i.ADC_INT_InitPin) for ADC_INT_InitPin
    adc.o(i.ADC_INT_Channel_11_Init) refers to adc.o(i.ADC_INT_InitPin) for ADC_INT_InitPin
    adc.o(i.ADC_INT_Channel_12_Init) refers to adc.o(i.ADC_INT_InitPin) for ADC_INT_InitPin
    adc.o(i.ADC_INT_Channel_13_Init) refers to adc.o(i.ADC_INT_InitPin) for ADC_INT_InitPin
    adc.o(i.ADC_INT_Channel_14_Init) refers to adc.o(i.ADC_INT_InitPin) for ADC_INT_InitPin
    adc.o(i.ADC_INT_Channel_15_Init) refers to adc.o(i.ADC_INT_InitPin) for ADC_INT_InitPin
    adc.o(i.ADC_INT_Channel_1_Init) refers to adc.o(i.ADC_INT_InitPin) for ADC_INT_InitPin
    adc.o(i.ADC_INT_Channel_2_Init) refers to adc.o(i.ADC_INT_InitPin) for ADC_INT_InitPin
    adc.o(i.ADC_INT_Channel_3_Init) refers to adc.o(i.ADC_INT_InitPin) for ADC_INT_InitPin
    adc.o(i.ADC_INT_Channel_4_Init) refers to adc.o(i.ADC_INT_InitPin) for ADC_INT_InitPin
    adc.o(i.ADC_INT_Channel_5_Init) refers to adc.o(i.ADC_INT_InitPin) for ADC_INT_InitPin
    adc.o(i.ADC_INT_Channel_6_Init) refers to adc.o(i.ADC_INT_InitPin) for ADC_INT_InitPin
    adc.o(i.ADC_INT_Channel_7_Init) refers to adc.o(i.ADC_INT_InitPin) for ADC_INT_InitPin
    adc.o(i.ADC_INT_Channel_8_Init) refers to adc.o(i.ADC_INT_InitPin) for ADC_INT_InitPin
    adc.o(i.ADC_INT_Channel_9_Init) refers to adc.o(i.ADC_INT_InitPin) for ADC_INT_InitPin
    adc.o(i.ADC_INT_InitPin) refers to stm32f10x_rcc.o(i.RCC_APB2PeriphClockCmd) for RCC_APB2PeriphClockCmd
    adc.o(i.ADC_INT_InitPin) refers to stm32f10x_gpio.o(i.GPIO_Init) for GPIO_Init
    adc.o(i.ADC_Read) refers to stm32f10x_adc.o(i.ADC_RegularChannelConfig) for ADC_RegularChannelConfig
    adc.o(i.ADC_Read) refers to stm32f10x_adc.o(i.ADC_SoftwareStartConvCmd) for ADC_SoftwareStartConvCmd
    adc.o(i.ADC_Read) refers to stm32f10x_adc.o(i.ADC_GetFlagStatus) for ADC_GetFlagStatus
    adc.o(i.ADC_Read) refers to stm32f10x_adc.o(i.ADC_GetConversionValue) for ADC_GetConversionValue
    adc.o(i.Adc_Init) refers to adc.o(i.ADC_INT_Channel_0_Init) for ADC_INT_Channel_0_Init
    adc.o(i.Adc_Init) refers to adc.o(i.ADC_INT_Channel_1_Init) for ADC_INT_Channel_1_Init
    adc.o(i.Adc_Init) refers to adc.o(i.ADC_INT_Channel_2_Init) for ADC_INT_Channel_2_Init
[...]
    Removing sys.o(i.digitalWrite), (64 bytes).
    Removing usart.o(i.USART_BufferEmpty), (24 bytes).
    Removing usart.o(i.USART_BufferFull), (28 bytes).
    Removing usart.o(i.USART_ClearBuffer), (22 bytes).
    Removing usart.o(i.USART_FindCharacter), (58 bytes).
    Removing usart.o(i.USART_Getc), (54 bytes).
    Removing usart.o(i.USART_Gets), (82 bytes).
    Removing usart.o(i.USART_INT_GetUsart), (84 bytes).
    Removing usart.o(i.USART_Puts), (26 bytes).
    Removing misc.o(i.NVIC_PriorityGroupConfig), (20 bytes).
    Removing misc.o(i.NVIC_SetVectorTable), (20 bytes).
    Removing misc.o(i.NVIC_SystemLPConfig), (32 bytes).
    Removing stm32f10x_gpio.o(i.GPIO_AFIODeInit), (20 bytes).
    Removing stm32f10x_gpio.o(i.GPIO_DeInit), (200 bytes).
    Removing stm32f10x_gpio.o(i.GPIO_ETH_MediaInterfaceConfig), (12 bytes).
    Removing stm32f10x_gpio.o(i.GPIO_EXTILineConfig), (64 bytes).
    Removing stm32f10x_gpio.o(i.GPIO_EventOutputCmd), (12 bytes).
    Removing stm32f10x_gpio.o(i.GPIO_EventOutputConfig), (32 bytes).
    Removing stm32f10x_gpio.o(i.GPIO_PinLockConfig), (18 bytes).
    Removing stm32f10x_gpio.o(i.GPIO_PinRemapConfig), (144 bytes).
    Removing stm32f10x_gpio.o(i.GPIO_ReadInputData), (8 bytes).
    Removing stm32f10x_gpio.o(i.GPIO_ReadInputDataBit), (18 bytes).
    Removing stm32f10x_gpio.o(i.GPIO_ReadOutputData), (8 bytes).
    Removing stm32f10x_gpio.o(i.GPIO_ReadOutputDataBit), (18 bytes).
    Removing stm32f10x_gpio.o(i.GPIO_ResetBits), (4 bytes).
    Removing stm32f10x_gpio.o(i.GPIO_SetBits), (4 bytes).
    Removing stm32f10x_gpio.o(i.GPIO_StructInit), (16 bytes).
    Removing stm32f10x_gpio.o(i.GPIO_Write), (4 bytes).
    Removing stm32f10x_gpio.o(i.GPIO_WriteBit), (10 bytes).
    Removing stm32f10x_rcc.o(i.RCC_ADCCLKConfig), (24 bytes).
    Removing stm32f10x_rcc.o(i.RCC_AdjustHSICalibrationValue), (24 bytes).
    Removing stm32f10x_rcc.o(i.RCC_BackupResetCmd), (12 bytes).
    Removing stm32f10x_rcc.o(i.RCC_ClearFlag), (20 bytes).
    Removing stm32f10x_rcc.o(i.RCC_ClearITPendingBit), (12 bytes).
    Removing stm32f10x_rcc.o(i.RCC_ClockSecuritySystemCmd), (12 bytes).
    Removing stm32f10x_rcc.o(i.RCC_DeInit), (76 bytes).
    Removing stm32f10x_rcc.o(i.RCC_GetFlagStatus), (60 bytes).
    Removing stm32f10x_rcc.o(i.RCC_GetITStatus), (24 bytes).
    Removing stm32f10x_rcc.o(i.RCC_GetSYSCLKSource), (16 bytes).
    Removing stm32f10x_rcc.o(i.RCC_HCLKConfig), (24 bytes).
    Removing stm32f10x_rcc.o(i.RCC_HSEConfig), (76 bytes).
    Removing stm32f10x_rcc.o(i.RCC_HSICmd), (12 bytes).
    Removing stm32f10x_rcc.o(i.RCC_ITConfig), (32 bytes).
    Removing stm32f10x_rcc.o(i.RCC_LSEConfig), (52 bytes).
    Removing stm32f10x_rcc.o(i.RCC_LSICmd), (12 bytes).
    Removing stm32f10x_rcc.o(i.RCC_MCOConfig), (12 bytes).
    Removing stm32f10x_rcc.o(i.RCC_PCLK1Config), (24 bytes).
    Removing stm32f10x_rcc.o(i.RCC_PCLK2Config), (24 bytes).
    Removing stm32f10x_rcc.o(i.RCC_PLLCmd), (12 bytes).
    Removing stm32f10x_rcc.o(i.RCC_PLLConfig), (28 bytes).
    Removing stm32f10x_rcc.o(i.RCC_RTCCLKCmd), (12 bytes).
    Removing stm32f10x_rcc.o(i.RCC_RTCCLKConfig), (16 bytes).
    Removing stm32f10x_rcc.o(i.RCC_SYSCLKConfig), (24 bytes).
    Removing stm32f10x_rcc.o(i.RCC_USBCLKConfig), (12 bytes).
    Removing stm32f10x_rcc.o(i.RCC_WaitForHSEStartUp), (56 bytes).
    Removing stm32f10x_usart.o(i.USART_ClearFlag), (18 bytes).
    Removing stm32f10x_usart.o(i.USART_ClearITPendingBit), (30 bytes).
    Removing stm32f10x_usart.o(i.USART_ClockInit), (34 bytes).
    Removing stm32f10x_usart.o(i.USART_ClockStructInit), (12 bytes).
    Removing stm32f10x_usart.o(i.USART_DMACmd), (18 bytes).
    Removing stm32f10x_usart.o(i.USART_HalfDuplexCmd), (24 bytes).
    Removing stm32f10x_usart.o(i.USART_IrDACmd), (24 bytes).
    Removing stm32f10x_usart.o(i.USART_IrDAConfig), (18 bytes).
    Removing stm32f10x_usart.o(i.USART_LINBreakDetectLengthConfig), (18 bytes).
    Removing stm32f10x_usart.o(i.USART_LINCmd), (24 bytes).
    Removing stm32f10x_usart.o(i.USART_OneBitMethodCmd), (24 bytes).
    Removing stm32f10x_usart.o(i.USART_OverSampling8Cmd), (22 bytes).
    Removing stm32f10x_usart.o(i.USART_ReceiveData), (10 bytes).
    Removing stm32f10x_usart.o(i.USART_ReceiverWakeUpCmd), (24 bytes).
    Removing stm32f10x_usart.o(i.USART_SendBreak), (10 bytes).
    Removing stm32f10x_usart.o(i.USART_SendData), (8 bytes).
    Removing stm32f10x_usart.o(i.USART_SetAddress), (18 bytes).
    Removing stm32f10x_usart.o(i.USART_SetGuardTime), (16 bytes).
    Removing stm32f10x_usart.o(i.USART_SetPrescaler), (16 bytes).
    Removing stm32f10x_usart.o(i.USART_SmartCardCmd), (24 bytes).
    Removing stm32f10x_usart.o(i.USART_SmartCardNACKCmd), (24 bytes).
    Removing stm32f10x_usart.o(i.USART_StructInit), (24 bytes).
    Removing stm32f10x_usart.o(i.USART_WakeUpConfig), (18 bytes).
    Removing stm32f10x_adc.o(i.ADC_AnalogWatchdogCmd), (20 bytes).
    Removing stm32f10x_adc.o(i.ADC_AnalogWatchdogSingleChannelConfig), (16 bytes).
    Removing stm32f10x_adc.o(i.ADC_AnalogWatchdogThresholdsConfig), (6 bytes).
    Removing stm32f10x_adc.o(i.ADC_AutoInjectedConvCmd), (22 bytes).
    Removing stm32f10x_adc.o(i.ADC_ClearFlag), (6 bytes).
    Removing stm32f10x_adc.o(i.ADC_ClearITPendingBit), (10 bytes).
    Removing stm32f10x_adc.o(i.ADC_DeInit), (92 bytes).
    Removing stm32f10x_adc.o(i.ADC_DiscModeChannelCountConfig), (24 bytes).
    Removing stm32f10x_adc.o(i.ADC_DiscModeCmd), (22 bytes).
    Removing stm32f10x_adc.o(i.ADC_ExternalTrigConvCmd), (22 bytes).
    Removing stm32f10x_adc.o(i.ADC_ExternalTrigInjectedConvCmd), (22 bytes).
    Removing stm32f10x_adc.o(i.ADC_ExternalTrigInjectedConvConfig), (16 bytes).
    Removing stm32f10x_adc.o(i.ADC_GetConversionValue), (8 bytes).
    Removing stm32f10x_adc.o(i.ADC_GetDualModeConversionValue), (12 bytes).
    Removing stm32f10x_adc.o(i.ADC_GetFlagStatus), (18 bytes).
    Removing stm32f10x_adc.o(i.ADC_GetITStatus), (36 bytes).
    Removing stm32f10x_adc.o(i.ADC_GetInjectedConversionValue), (28 bytes).
    Removing stm32f10x_adc.o(i.ADC_GetSoftwareStartConvStatus), (20 bytes).
    Removing stm32f10x_adc.o(i.ADC_GetSoftwareStartInjectedConvCmdStatus), (20 bytes).
    Removing stm32f10x_adc.o(i.ADC_ITConfig), (24 bytes).
    Removing stm32f10x_adc.o(i.ADC_InjectedChannelConfig), (130 bytes).
    Removing stm32f10x_adc.o(i.ADC_InjectedDiscModeCmd), (22 bytes).
    Removing stm32f10x_adc.o(i.ADC_InjectedSequencerLengthConfig), (24 bytes).
    Removing stm32f10x_adc.o(i.ADC_RegularChannelConfig), (184 bytes).
    Removing stm32f10x_adc.o(i.ADC_SetInjectedOffset), (20 bytes).
    Removing stm32f10x_adc.o(i.ADC_SoftwareStartInjectedConvCmd), (22 bytes).
    Removing stm32f10x_adc.o(i.ADC_StructInit), (18 bytes).
    Removing stm32f10x_adc.o(i.ADC_TempSensorVrefintCmd), (36 bytes).
    Removing stm32f10x_dma.o(i.DMA_ClearFlag), (28 bytes).
    Removing stm32f10x_dma.o(i.DMA_ClearITPendingBit), (28 bytes).
    Removing stm32f10x_dma.o(i.DMA_GetCurrDataCounter), (8 bytes).
    Removing stm32f10x_dma.o(i.DMA_GetFlagStatus), (44 bytes).
    Removing stm32f10x_dma.o(i.DMA_GetITStatus), (44 bytes).
    Removing stm32f10x_dma.o(i.DMA_ITConfig), (18 bytes).
    Removing stm32f10x_dma.o(i.DMA_SetCurrDataCounter), (4 bytes).
    Removing stm32f10x_dma.o(i.DMA_StructInit), (26 bytes).
    Removing system_stm32f10x.o(i.SystemCoreClockUpdate), (164 bytes).

130 unused section(s) (total 4024 bytes) removed from the image.

==============================================================================

Image Symbol Table

    Local Symbols

    Symbol Name                              Value     Ov Type        Size  Object(Section)

    ../clib/angel/boardlib.s                 0x00000000   Number         0  boardinit1.o ABSOLUTE
    ../clib/angel/boardlib.s                 0x00000000   Number         0  boardinit2.o ABSOLUTE
    ../clib/angel/boardlib.s                 0x00000000   Number         0  boardinit3.o ABSOLUTE
    ../clib/angel/boardlib.s                 0x00000000   Number         0  boardshut.o ABSOLUTE
    ../clib/angel/handlers.s                 0x00000000   Number         0  __scatter_zi.o ABSOLUTE
    ../clib/angel/handlers.s                 0x00000000   Number         0  __scatter_copy.o ABSOLUTE
    ../clib/angel/kernel.s                   0x00000000   Number         0  __rtentry.o ABSOLUTE
    ../clib/angel/kernel.s                   0x00000000   Number         0  rtexit.o ABSOLUTE
    ../clib/angel/kernel.s                   0x00000000   Number         0  rtexit2.o ABSOLUTE
    ../clib/angel/kernel.s                   0x00000000   Number         0  __rtentry4.o ABSOLUTE
    ../clib/angel/kernel.s                   0x00000000   Number         0  __rtentry2.o ABSOLUTE
    ../clib/angel/rt.s                       0x00000000   Number         0  rt_locale_intlibspace.o ABSOLUTE
    ../clib/angel/rt.s                       0x00000000   Number         0  rt_locale.o ABSOLUTE
    ../clib/angel/rt.s                       0x00000000   Number         0  rt_raise.o ABSOLUTE
    ../clib/angel/scatter.s                  0x00000000   Number         0  __scatter.o ABSOLUTE
    ../clib/angel/startup.s                  0x00000000   Number         0  __main.o ABSOLUTE
    ../clib/angel/sys.s                      0x00000000   Number         0  libspace.o ABSOLUTE
    ../clib/angel/sys.s                      0x00000000   Number         0  sys_stackheap_outer.o ABSOLUTE
    ../clib/angel/sys.s                      0x00000000   Number         0  use_no_semi.o ABSOLUTE
    ../clib/angel/sys.s                      0x00000000   Number         0  indicate_semi.o ABSOLUTE
    ../clib/angel/sysapp.c                   0x00000000   Number         0  sys_exit.o ABSOLUTE
    ../clib/angel/sysapp.c                   0x00000000   Number         0  sys_command.o ABSOLUTE
    ../clib/angel/sysapp.c                   0x00000000   Number         0  sys_wrch.o ABSOLUTE
    ../clib/armsys.c                         0x00000000   Number         0  argv_veneer.o ABSOLUTE
    ../clib/armsys.c                         0x00000000   Number         0  no_argv.o ABSOLUTE
    ../clib/armsys.c                         0x00000000   Number         0  _get_argv_nomalloc.o ABSOLUTE
    ../clib/armsys.c                         0x00000000   Number         0  argv_veneer.o ABSOLUTE
    ../clib/bigflt.c                         0x00000000   Number         0  bigflt0.o ABSOLUTE
    ../clib/btod.s                           0x00000000   Number         0  btod.o ABSOLUTE
    ../clib/heapalloc.c                      0x00000000   Number         0  hrguard.o ABSOLUTE
    ../clib/heapaux.c                        0x00000000   Number         0  heapauxi.o ABSOLUTE
    ../clib/libinit.s                        0x00000000   Number         0  libshutdown.o ABSOLUTE
    ../clib/libinit.s                        0x00000000   Number         0  libshutdown2.o ABSOLUTE
    ../clib/libinit.s                        0x00000000   Number         0  libinit.o ABSOLUTE
    ../clib/libinit.s                        0x00000000   Number         0  libinit2.o ABSOLUTE
    ../clib/locale.s                         0x00000000   Number         0  lc_numeric_c.o ABSOLUTE
    ../clib/longlong.s                       0x00000000   Number         0  lludiv10.o ABSOLUTE
    ../clib/memcpset.s                       0x00000000   Number         0  strcmpv7m.o ABSOLUTE
    ../clib/printf.c                         0x00000000   Number         0  __printf_flags_ss.o ABSOLUTE
    ../clib/printf.c                         0x00000000   Number         0  __printf_ss.o ABSOLUTE
    ../clib/printf.c                         0x00000000   Number         0  __printf_flags.o ABSOLUTE
    ../clib/printf.c                         0x00000000   Number         0  _printf_char_common.o ABSOLUTE
    ../clib/printf.c                         0x00000000   Number         0  __printf.o ABSOLUTE
    ../clib/printf.c                         0x00000000   Number         0  _printf_fp_infnan.o ABSOLUTE
    ../clib/printf.c                         0x00000000   Number         0  noretval__2printf.o ABSOLUTE
    ../clib/printf.c                         0x00000000   Number         0  __printf_nopercent.o ABSOLUTE
    ../clib/printf.c                         0x00000000   Number         0  _printf_fp_dec.o ABSOLUTE
    ../clib/printf.c                         0x00000000   Number         0  __2printf.o ABSOLUTE
    ../clib/printf.c                         0x00000000   Number         0  _printf_char_file.o ABSOLUTE
    ../clib/printf.c                         0x00000000   Number         0  __printf_ss_wp.o ABSOLUTE
    ../clib/printf.c                         0x00000000   Number         0  __printf_flags_wp.o ABSOLUTE
    ../clib/printf.c                         0x00000000   Number         0  __printf_wp.o ABSOLUTE
    ../clib/printf.c                         0x00000000   Number         0  __printf_flags_ss_wp.o ABSOLUTE
    ../clib/printf_percent.s                 0x00000000   Number         0  _printf_percent.o ABSOLUTE
    ../clib/printf_percent.s                 0x00000000   Number         0  _printf_f.o ABSOLUTE
    ../clib/printf_percent.s                 0x00000000   Number         0  _printf_percent_end.o ABSOLUTE
    ../clib/signal.c                         0x00000000   Number         0  defsig_segv_inner.o ABSOLUTE
    ../clib/signal.c                         0x00000000   Number         0  defsig_cppl_inner.o ABSOLUTE
    ../clib/signal.c                         0x00000000   Number         0  defsig_pvfn_inner.o ABSOLUTE
    ../clib/signal.c                         0x00000000   Number         0  defsig_stak_inner.o ABSOLUTE
    ../clib/signal.c                         0x00000000   Number         0  defsig_rtred_inner.o ABSOLUTE
    ../clib/signal.c                         0x00000000   Number         0  defsig_fpe_inner.o ABSOLUTE
    ../clib/signal.c                         0x00000000   Number         0  defsig_abrt_inner.o ABSOLUTE
    ../clib/signal.c                         0x00000000   Number         0  __raise.o ABSOLUTE
    ../clib/signal.c                         0x00000000   Number         0  defsig_rtmem_inner.o ABSOLUTE
    ../clib/signal.c                         0x00000000   Number         0  defsig_exit.o ABSOLUTE
    ../clib/signal.c                         0x00000000   Number         0  defsig_rtmem_formal.o ABSOLUTE
    ../clib/signal.c                         0x00000000   Number         0  defsig_rtmem_outer.o ABSOLUTE
    ../clib/signal.c                         0x00000000   Number         0  defsig_other.o ABSOLUTE
    ../clib/signal.c                         0x00000000   Number         0  defsig_general.o ABSOLUTE
    ../clib/signal.s                         0x00000000   Number         0  defsig.o ABSOLUTE
    ../clib/stdio.c                          0x00000000   Number         0  ferror.o ABSOLUTE
    ../clib/stdio.c                          0x00000000   Number         0  ferror_locked.o ABSOLUTE
    ../clib/stdlib.c                         0x00000000   Number         0  exit.o ABSOLUTE
    ../fplib/d2f.s                           0x00000000   Number         0  d2f.o ABSOLUTE
    ../fplib/dmul.s                          0x00000000   Number         0  dmul.o ABSOLUTE
    ../fplib/dnaninf.s                       0x00000000   Number         0  dnaninf.o ABSOLUTE
    ../fplib/dretinf.s                       0x00000000   Number         0  dretinf.o ABSOLUTE
    ../fplib/f2d.s                           0x00000000   Number         0  f2d.o ABSOLUTE
    ../fplib/fflt.s                          0x00000000   Number         0  fflt_clz.o ABSOLUTE
    ../fplib/fnaninf.s                       0x00000000   Number         0  fnaninf.o ABSOLUTE
    ../fplib/fpinit.s                        0x00000000   Number         0  fpinit.o ABSOLUTE
    ../fplib/fretinf.s                       0x00000000   Number         0  fretinf.o ABSOLUTE
    ../fplib/istatus.s                       0x00000000   Number         0  istatus.o ABSOLUTE
    ../fplib/printf1.s                       0x00000000   Number         0  printf1.o ABSOLUTE
    ../fplib/usenofp.s                       0x00000000   Number         0  usenofp.o ABSOLUTE
    ../mathlib/fpclassify.c                  0x00000000   Number         0  fpclassify.o ABSOLUTE
    ..\CORE\core_cm3.c                       0x00000000   Number         0  core_cm3.o ABSOLUTE
    ..\CORE\startup_stm32f10x_hd.s           0x00000000   Number         0  startup_stm32f10x_hd.o ABSOLUTE
    ..\HARDWARE\ADC\adc.c                    0x00000000   Number         0  adc.o ABSOLUTE
    ..\HARDWARE\LED\LED.c                    0x00000000   Number         0  led.o ABSOLUTE
    ..\STM32F10x_FWLib\src\misc.c            0x00000000   Number         0  misc.o ABSOLUTE
    ..\STM32F10x_FWLib\src\stm32f10x_adc.c   0x00000000   Number         0  stm32f10x_adc.o ABSOLUTE
    ..\STM32F10x_FWLib\src\stm32f10x_dma.c   0x00000000   Number         0  stm32f10x_dma.o ABSOLUTE
    ..\STM32F10x_FWLib\src\stm32f10x_gpio.c  0x00000000   Number         0  stm32f10x_gpio.o ABSOLUTE
    ..\STM32F10x_FWLib\src\stm32f10x_rcc.c   0x00000000   Number         0  stm32f10x_rcc.o ABSOLUTE
    ..\STM32F10x_FWLib\src\stm32f10x_usart.c 0x00000000   Number         0  stm32f10x_usart.o ABSOLUTE
    ..\SYSTEM\delay\delay.c                  0x00000000   Number         0  delay.o ABSOLUTE
    ..\SYSTEM\sys\sys.c                      0x00000000   Number         0  sys.o ABSOLUTE
    ..\SYSTEM\usart\usart.c                  0x00000000   Number         0  usart.o ABSOLUTE
    ..\\CORE\\core_cm3.c                     0x00000000   Number         0  core_cm3.o ABSOLUTE
    ..\\SYSTEM\\sys\\sys.c                   0x00000000   Number         0  sys.o ABSOLUTE
    dc.s                                     0x00000000   Number         0  dc.o ABSOLUTE
    main.c                                   0x00000000   Number         0  main.o ABSOLUTE
    stm32f10x_it.c                           0x00000000   Number         0  stm32f10x_it.o ABSOLUTE
    system_stm32f10x.c                       0x00000000   Number         0  system_stm32f10x.o ABSOLUTE
    RESET                                    0x08000000   Section      304  startup_stm32f10x_hd.o(RESET)
    !!!main                                  0x08000130   Section        8  __main.o(!!!main)
    !!!scatter                               0x08000138   Section       52  __scatter.o(!!!scatter)
    !!handler_copy                           0x0800016c   Section       26  __scatter_copy.o(!!handler_copy)
    !!handler_zi                             0x08000188   Section       28  __scatter_zi.o(!!handler_zi)
    .ARM.Collect$$_printf_percent$$00000000  0x080001a4   Section        0  _printf_percent.o(.ARM.Collect$$_printf_percent$$00000000)
    .ARM.Collect$$_printf_percent$$00000003  0x080001a4   Section        6  _printf_f.o(.ARM.Collect$$_printf_percent$$00000003)
    .ARM.Collect$$_printf_percent$$00000017  0x080001aa   Section        4  _printf_percent_end.o(.ARM.Collect$$_printf_percent$$00000017)
    .ARM.Collect$$libinit$$00000000          0x080001ae   Section        2  libinit.o(.ARM.Collect$$libinit$$00000000)
    .ARM.Collect$$libinit$$00000002          0x080001b0   Section        0  libinit2.o(.ARM.Collect$$libinit$$00000002)
    .ARM.Collect$$libinit$$00000004          0x080001b0   Section        0  libinit2.o(.ARM.Collect$$libinit$$00000004)
    .ARM.Collect$$libinit$$0000000A          0x080001b0   Section        0  libinit2.o(.ARM.Collect$$libinit$$0000000A)
    .ARM.Collect$$libinit$$0000000C          0x080001b0   Section        0  libinit2.o(.ARM.Collect$$libinit$$0000000C)
    .ARM.Collect$$libinit$$0000000E          0x080001b0   Section        0  libinit2.o(.ARM.Collect$$libinit$$0000000E)
    .ARM.Collect$$libinit$$0000000F          0x080001b0   Section        6  libinit2.o(.ARM.Collect$$libinit$$0000000F)
    .ARM.Collect$$libinit$$00000011          0x080001b6   Section        0  libinit2.o(.ARM.Collect$$libinit$$00000011)
    .ARM.Collect$$libinit$$00000013          0x080001b6   Section        0  libinit2.o(.ARM.Collect$$libinit$$00000013)
    .ARM.Collect$$libinit$$00000015          0x080001b6   Section        0  libinit2.o(.ARM.Collect$$libinit$$00000015)
    .ARM.Collect$$libinit$$00000016          0x080001b6   Section       10  libinit2.o(.ARM.Collect$$libinit$$00000016)
    .ARM.Collect$$libinit$$00000017          0x080001c0   Section        0  libinit2.o(.ARM.Collect$$libinit$$00000017)
    .ARM.Collect$$libinit$$00000019          0x080001c0   Section        0  libinit2.o(.ARM.Collect$$libinit$$00000019)
    .ARM.Collect$$libinit$$0000001B          0x080001c0   Section        0  libinit2.o(.ARM.Collect$$libinit$$0000001B)
    .ARM.Collect$$libinit$$0000001D          0x080001c0   Section        0  libinit2.o(.ARM.Collect$$libinit$$0000001D)
    .ARM.Collect$$libinit$$0000001F          0x080001c0   Section        0  libinit2.o(.ARM.Collect$$libinit$$0000001F)
    .ARM.Collect$$libinit$$00000021          0x080001c0   Section        0  libinit2.o(.ARM.Collect$$libinit$$00000021)
    .ARM.Collect$$libinit$$00000023          0x080001c0   Section        0  libinit2.o(.ARM.Collect$$libinit$$00000023)
    .ARM.Collect$$libinit$$00000025          0x080001c0   Section        0  libinit2.o(.ARM.Collect$$libinit$$00000025)
    .ARM.Collect$$libinit$$0000002C          0x080001c0   Section        0  libinit2.o(.ARM.Collect$$libinit$$0000002C)
    .ARM.Collect$$libinit$$0000002E          0x080001c0   Section        0  libinit2.o(.ARM.Collect$$libinit$$0000002E)
    .ARM.Collect$$libinit$$00000030          0x080001c0   Section        0  libinit2.o(.ARM.Collect$$libinit$$00000030)
    .ARM.Collect$$libinit$$00000032          0x080001c0   Section        0  libinit2.o(.ARM.Collect$$libinit$$00000032)
    .ARM.Collect$$libinit$$00000033          0x080001c0   Section        2  libinit2.o(.ARM.Collect$$libinit$$00000033)
    .ARM.Collect$$libshutdown$$00000000      0x080001c2   Section        2  libshutdown.o(.ARM.Collect$$libshutdown$$00000000)
    .ARM.Collect$$libshutdown$$00000003      0x080001c4   Section        0  libshutdown2.o(.ARM.Collect$$libshutdown$$00000003)
    .ARM.Collect$$libshutdown$$00000006      0x080001c4   Section        0  libshutdown2.o(.ARM.Collect$$libshutdown$$00000006)
    .ARM.Collect$$libshutdown$$00000009      0x080001c4   Section        0  libshutdown2.o(.ARM.Collect$$libshutdown$$00000009)
    .ARM.Collect$$libshutdown$$0000000B      0x080001c4   Section        0  libshutdown2.o(.ARM.Collect$$libshutdown$$0000000B)
    .ARM.Collect$$libshutdown$$0000000E      0x080001c4   Section        0  libshutdown2.o(.ARM.Collect$$libshutdown$$0000000E)
    .ARM.Collect$$libshutdown$$0000000F      0x080001c4   Section        2  libshutdown2.o(.ARM.Collect$$libshutdown$$0000000F)
    .ARM.Collect$$rtentry$$00000000          0x080001c6   Section        0  __rtentry.o(.ARM.Collect$$rtentry$$00000000)
    .ARM.Collect$$rtentry$$00000002          0x080001c6   Section        0  __rtentry2.o(.ARM.Collect$$rtentry$$00000002)
    .ARM.Collect$$rtentry$$00000004          0x080001c6   Section        6  __rtentry4.o(.ARM.Collect$$rtentry$$00000004)
    .ARM.Collect$$rtentry$$00000009          0x080001cc   Section        0  __rtentry2.o(.ARM.Collect$$rtentry$$00000009)
    .ARM.Collect$$rtentry$$0000000A          0x080001cc   Section        4  __rtentry2.o(.ARM.Collect$$rtentry$$0000000A)
    .ARM.Collect$$rtentry$$0000000C          0x080001d0   Section        0  __rtentry2.o(.ARM.Collect$$rtentry$$0000000C)
    .ARM.Collect$$rtentry$$0000000D          0x080001d0   Section        8  __rtentry2.o(.ARM.Collect$$rtentry$$0000000D)
    .ARM.Collect$$rtexit$$00000000           0x080001d8   Section        2  rtexit.o(.ARM.Collect$$rtexit$$00000000)
    .ARM.Collect$$rtexit$$00000002           0x080001da   Section        0  rtexit2.o(.ARM.Collect$$rtexit$$00000002)
    .ARM.Collect$$rtexit$$00000003           0x080001da   Section        4  rtexit2.o(.ARM.Collect$$rtexit$$00000003)
    .ARM.Collect$$rtexit$$00000004           0x080001de   Section        6  rtexit2.o(.ARM.Collect$$rtexit$$00000004)
    .text                                    0x080001e4   Section       64  startup_stm32f10x_hd.o(.text)
    .text                                    0x08000224   Section        0  noretval__2printf.o(.text)
    .text                                    0x0800023c   Section        0  __printf.o(.text)
    .text                                    0x080002a4   Section        0  heapauxi.o(.text)
    .text                                    0x080002aa   Section        0  _printf_fp_dec.o(.text)
    _fp_digits                               0x080002ad   Thumb Code   428  _printf_fp_dec.o(.text)
    .text                                    0x080006c4   Section        0  _printf_char_file.o(.text)
    .text                                    0x080006e8   Section        8  rt_locale_intlibspace.o(.text)
    .text                                    0x080006f0   Section      138  lludiv10.o(.text)
    .text                                    0x0800077c   Section        0  _printf_char_common.o(.text)
    _printf_input_char                       0x0800077d   Thumb Code    10  _printf_char_common.o(.text)
    .text                                    0x080007ac   Section        0  _printf_fp_infnan.o(.text)
    .text                                    0x0800082c   Section        0  bigflt0.o(.text)
    .text                                    0x08000908   Section        0  ferror.o(.text)
    .text                                    0x08000910   Section        8  libspace.o(.text)
    .text                                    0x08000918   Section       74  sys_stackheap_outer.o(.text)
    .text                                    0x08000962   Section        0  exit.o(.text)
    .text                                    0x08000970   Section      128  strcmpv7m.o(.text)
    .text                                    0x080009f0   Section        0  sys_exit.o(.text)
    .text                                    0x080009fc   Section        2  use_no_semi.o(.text)
    .text                                    0x080009fe   Section        0  indicate_semi.o(.text)
    CL$$btod_d2e                             0x080009fe   Section       62  btod.o(CL$$btod_d2e)
    CL$$btod_d2e_denorm_low                  0x08000a3c   Section       70  btod.o(CL$$btod_d2e_denorm_low)
    CL$$btod_d2e_norm_op1                    0x08000a82   Section       96  btod.o(CL$$btod_d2e_norm_op1)
    CL$$btod_div_common                      0x08000ae2   Section      824  btod.o(CL$$btod_div_common)
    CL$$btod_e2e                             0x08000e1a   Section      198  btod.o(CL$$btod_e2e)
    CL$$btod_ediv                            0x08000ee0   Section       40  btod.o(CL$$btod_ediv)
    CL$$btod_emul                            0x08000f08   Section       40  btod.o(CL$$btod_emul)
    CL$$btod_mult_common                     0x08000f30   Section      580  btod.o(CL$$btod_mult_common)
    i.ADC_Cmd                                0x08001174   Section        0  stm32f10x_adc.o(i.ADC_Cmd)
    i.ADC_DMACmd                             0x0800118a   Section        0  stm32f10x_adc.o(i.ADC_DMACmd)
    i.ADC_GetCalibrationStatus               0x080011a0   Section        0  stm32f10x_adc.o(i.ADC_GetCalibrationStatus)
    i.ADC_GetResetCalibrationStatus          0x080011b4   Section        0  stm32f10x_adc.o(i.ADC_GetResetCalibrationStatus)
    i.ADC_INT_Channel_0_Init                 0x080011c8   Section        0  adc.o(i.ADC_INT_Channel_0_Init)
    i.ADC_INT_Channel_10_Init                0x080011dc   Section        0  adc.o(i.ADC_INT_Channel_10_Init)
    i.ADC_INT_Channel_11_Init                0x080011f0   Section        0  adc.o(i.ADC_INT_Channel_11_Init)
    i.ADC_INT_Channel_12_Init                0x08001204   Section        0  adc.o(i.ADC_INT_Channel_12_Init)
    i.ADC_INT_Channel_13_Init                0x08001218   Section        0  adc.o(i.ADC_INT_Channel_13_Init)
    i.ADC_INT_Channel_14_Init                0x0800122c   Section        0  adc.o(i.ADC_INT_Channel_14_Init)
    i.ADC_INT_Channel_15_Init                0x08001270   Section        0  adc.o(i.ADC_INT_Channel_15_Init)
    i.ADC_INT_Channel_1_Init                 0x080012b4   Section        0  adc.o(i.ADC_INT_Channel_1_Init)
    i.ADC_INT_Channel_2_Init                 0x080012c8   Section        0  adc.o(i.ADC_INT_Channel_2_Init)
    i.ADC_INT_Channel_3_Init                 0x080012dc   Section        0  adc.o(i.ADC_INT_Channel_3_Init)
    i.ADC_INT_Channel_4_Init                 0x080012f0   Section        0  adc.o(i.ADC_INT_Channel_4_Init)
    i.ADC_INT_Channel_5_Init                 0x08001334   Section        0  adc.o(i.ADC_INT_Channel_5_Init)
    i.ADC_INT_Channel_6_Init                 0x08001378   Section        0  adc.o(i.ADC_INT_Channel_6_Init)
    i.ADC_INT_Channel_7_Init                 0x080013bc   Section        0  adc.o(i.ADC_INT_Channel_7_Init)
    i.ADC_INT_Channel_8_Init                 0x08001400   Section        0  adc.o(i.ADC_INT_Channel_8_Init)
    i.ADC_INT_Channel_9_Init                 0x08001444   Section        0  adc.o(i.ADC_INT_Channel_9_Init)
    i.ADC_INT_InitPin                        0x08001488   Section        0  adc.o(i.ADC_INT_InitPin)
    i.ADC_Init                               0x080014ac   Section        0  stm32f10x_adc.o(i.ADC_Init)
    i.ADC_ResetCalibration                   0x080014fc   Section        0  stm32f10x_adc.o(i.ADC_ResetCalibration)
    i.ADC_SoftwareStartConvCmd               0x08001506   Section        0  stm32f10x_adc.o(i.ADC_SoftwareStartConvCmd)
    i.ADC_StartCalibration                   0x0800151c   Section        0  stm32f10x_adc.o(i.ADC_StartCalibration)
    i.Adc_Init                               0x08001528   Section        0  adc.o(i.Adc_Init)
    i.BusFault_Handler                       0x080016e8   Section        0  stm32f10x_it.o(i.BusFault_Handler)
    i.DMA_Cmd                                0x080016ec   Section        0  stm32f10x_dma.o(i.DMA_Cmd)
    i.DMA_DeInit                             0x08001704   Section        0  stm32f10x_dma.o(i.DMA_DeInit)
    i.DMA_Init                               0x08001850   Section        0  stm32f10x_dma.o(i.DMA_Init)
    i.DebugMon_Handler                       0x0800188c   Section        0  stm32f10x_it.o(i.DebugMon_Handler)
    i.GPIO_Init                              0x0800188e   Section        0  stm32f10x_gpio.o(i.GPIO_Init)
    i.HardFault_Handler                      0x080019a4   Section        0  stm32f10x_it.o(i.HardFault_Handler)
    i.MemManage_Handler                      0x080019a8   Section        0  stm32f10x_it.o(i.MemManage_Handler)
    i.NMI_Handler                            0x080019ac   Section        0  stm32f10x_it.o(i.NMI_Handler)
    i.NVIC_Init                              0x080019b0   Section        0  misc.o(i.NVIC_Init)
    i.PendSV_Handler                         0x08001a20   Section        0  stm32f10x_it.o(i.PendSV_Handler)
    i.RCC_AHBPeriphClockCmd                  0x08001a24   Section        0  stm32f10x_rcc.o(i.RCC_AHBPeriphClockCmd)
    i.RCC_APB1PeriphClockCmd                 0x08001a44   Section        0  stm32f10x_rcc.o(i.RCC_APB1PeriphClockCmd)
    i.RCC_APB1PeriphResetCmd                 0x08001a64   Section        0  stm32f10x_rcc.o(i.RCC_APB1PeriphResetCmd)
    i.RCC_APB2PeriphClockCmd                 0x08001a84   Section        0  stm32f10x_rcc.o(i.RCC_APB2PeriphClockCmd)
    i.RCC_APB2PeriphResetCmd                 0x08001aa4   Section        0  stm32f10x_rcc.o(i.RCC_APB2PeriphResetCmd)
    i.RCC_GetClocksFreq                      0x08001ac4   Section        0  stm32f10x_rcc.o(i.RCC_GetClocksFreq)
    i.SVC_Handler                            0x08001b98   Section        0  stm32f10x_it.o(i.SVC_Handler)
    i.SetSysClock                            0x08001b9a   Section        0  system_stm32f10x.o(i.SetSysClock)
    SetSysClock                              0x08001b9b   Thumb Code     8  system_stm32f10x.o(i.SetSysClock)
    i.SetSysClockTo72                        0x08001ba4   Section        0  system_stm32f10x.o(i.SetSysClockTo72)
    SetSysClockTo72                          0x08001ba5   Thumb Code   214  system_stm32f10x.o(i.SetSysClockTo72)
    i.SysTick_CLKSourceConfig                0x08001c84   Section        0  misc.o(i.SysTick_CLKSourceConfig)
    i.SysTick_Handler                        0x08001cac   Section        0  stm32f10x_it.o(i.SysTick_Handler)
    i.SystemInit                             0x08001cb0   Section        0  system_stm32f10x.o(i.SystemInit)
    i.UART4_IRQHandler                       0x08001d10   Section        0  usart.o(i.UART4_IRQHandler)
    i.UART4_InitPins                         0x08001d38   Section        0  usart.o(i.UART4_InitPins)
    i.UART5_IRQHandler                       0x08001d4c   Section        0  usart.o(i.UART5_IRQHandler)
    i.UART5_InitPins                         0x08001d70   Section        0  usart.o(i.UART5_InitPins)
    i.USART1_IRQHandler                      0x08001d80   Section        0  usart.o(i.USART1_IRQHandler)
    i.USART1_InitPins                        0x08001da8   Section        0  usart.o(i.USART1_InitPins)
    i.USART2_IRQHandler                      0x08001e30   Section        0  usart.o(i.USART2_IRQHandler)
    i.USART2_InitPins                        0x08001e58   Section        0  usart.o(i.USART2_InitPins)
    i.USART3_IRQHandler                      0x08001ee4   Section        0  usart.o(i.USART3_IRQHandler)
    i.USART3_InitPins                        0x08001f0c   Section        0  usart.o(i.USART3_InitPins)
    i.USART_Cmd                              0x08001fe0   Section        0  stm32f10x_usart.o(i.USART_Cmd)
    i.USART_DeInit                           0x08001ff8   Section        0  stm32f10x_usart.o(i.USART_DeInit)
    i.USART_GetFlagStatus                    0x08002094   Section        0  stm32f10x_usart.o(i.USART_GetFlagStatus)
    i.USART_GetITStatus                      0x080020ae   Section        0  stm32f10x_usart.o(i.USART_GetITStatus)
    i.USART_INT_GetSubPriority               0x08002104   Section        0  usart.o(i.USART_INT_GetSubPriority)
    i.USART_INT_InsertToBuffer               0x08002144   Section        0  usart.o(i.USART_INT_InsertToBuffer)
    i.USART_ITConfig                         0x08002170   Section        0  stm32f10x_usart.o(i.USART_ITConfig)
    i.USART_Init                             0x080021bc   Section        0  stm32f10x_usart.o(i.USART_Init)
    i.USART_Putc                             0x08002294   Section        0  usart.o(i.USART_Putc)
    i.USARTx_Init                            0x080022b0   Section        0  usart.o(i.USARTx_Init)
    i.UsageFault_Handler                     0x080023f8   Section        0  stm32f10x_it.o(i.UsageFault_Handler)
    i.__ARM_fpclassify                       0x080023fc   Section        0  fpclassify.o(i.__ARM_fpclassify)
    i.delay_init                             0x08002424   Section        0  delay.o(i.delay_init)
    i.delay_ms                               0x08002468   Section        0  delay.o(i.delay_ms)
    i.fputc                                  0x080024b4   Section        0  usart.o(i.fputc)
    i.main                                   0x080024cc   Section        0  main.o(i.main)
    i.pinMode                                0x08002550   Section        0  sys.o(i.pinMode)
    locale$$code                             0x08002604   Section       44  lc_numeric_c.o(locale$$code)
    x$fpl$d2f                                0x08002630   Section       98  d2f.o(x$fpl$d2f)
    x$fpl$dmul                               0x08002694   Section      340  dmul.o(x$fpl$dmul)
    x$fpl$dnaninf                            0x080027e8   Section      156  dnaninf.o(x$fpl$dnaninf)
    x$fpl$dretinf                            0x08002884   Section       12  dretinf.o(x$fpl$dretinf)
    x$fpl$f2d                                0x08002890   Section       86  f2d.o(x$fpl$f2d)
    x$fpl$ffltu                              0x080028e8   Section       38  fflt_clz.o(x$fpl$ffltu)
    x$fpl$fnaninf                            0x0800290e   Section      140  fnaninf.o(x$fpl$fnaninf)
    x$fpl$fretinf                            0x0800299a   Section       10  fretinf.o(x$fpl$fretinf)
    x$fpl$printf1                            0x080029a4   Section        4  printf1.o(x$fpl$printf1)
    .constdata                               0x080029a8   Section     2304  sys.o(.constdata)
    x$fpl$usenofp                            0x080029a8   Section        0  usenofp.o(x$fpl$usenofp)
    .constdata                               0x080032a8   Section      148  bigflt0.o(.constdata)
    tenpwrs_x                                0x080032a8   Data          60  bigflt0.o(.constdata)
    tenpwrs_i                                0x080032e4   Data          64  bigflt0.o(.constdata)
    locale$$data                             0x0800335c   Section       28  lc_numeric_c.o(locale$$data)
    __lcnum_c_name                           0x08003360   Data           2  lc_numeric_c.o(locale$$data)
    __lcnum_c_start                          0x08003368   Data           0  lc_numeric_c.o(locale$$data)
    __lcnum_c_point                          0x08003374   Data           0  lc_numeric_c.o(locale$$data)
    __lcnum_c_thousands                      0x08003376   Data           0  lc_numeric_c.o(locale$$data)
    __lcnum_c_grouping                       0x08003377   Data           0  lc_numeric_c.o(locale$$data)
    __lcnum_c_end                            0x08003378   Data           0  lc_numeric_c.o(locale$$data)
    .data                                    0x20000000   Section        5  adc.o(.data)
    .data                                    0x20000006   Section        4  delay.o(.data)
    fac_us                                   0x20000006   Data           1  delay.o(.data)
    fac_ms                                   0x20000008   Data           2  delay.o(.data)
    .data                                    0x2000000c   Section       80  usart.o(.data)
    .data                                    0x2000005c   Section       20  stm32f10x_rcc.o(.data)
    APBAHBPrescTable                         0x2000005c   Data          16  stm32f10x_rcc.o(.data)
    ADCPrescTable                            0x2000006c   Data           4  stm32f10x_rcc.o(.data)
    .data                                    0x20000070   Section       20  system_stm32f10x.o(.data)
    .bss                                     0x20000084   Section      192  usart.o(.bss)
    .bss                                     0x20000144   Section       96  libspace.o(.bss)
    HEAP                                     0x200001a8   Section      512  startup_stm32f10x_hd.o(HEAP)
    Heap_Mem                                 0x200001a8   Data         512  startup_stm32f10x_hd.o(HEAP)
    STACK                                    0x200003a8   Section     1024  startup_stm32f10x_hd.o(STACK)
    Stack_Mem                                0x200003a8   Data        1024  startup_stm32f10x_hd.o(STACK)
    __initial_sp                             0x200007a8   Data           0  startup_stm32f10x_hd.o(STACK)

    Global Symbols

    Symbol Name                              Value     Ov Type        Size  Object(Section)

    BuildAttributes$$THM_ISAv4$P$D$K$B$S$PE$A:L22UL41UL21$X:L11$S22US41US21$IEEE1$IW$USESV6$~STKCKD$USESV7$~SHL$OTIME$ROPI$IEEEJ$EBA8$UX$STANDARDLIB$REQ8$PRES8$EABIv2 0x00000000   Number         0  anon$$obj.o ABSOLUTE
    __ARM_use_no_argv                        0x00000000   Number         0  main.o ABSOLUTE
    __ARM_exceptions_init                     - Undefined Weak Reference
    __alloca_initialize                       - Undefined Weak Reference
    __arm_preinit_                            - Undefined Weak Reference
    __cpp_initialize__aeabi_                  - Undefined Weak Reference
    __cxa_finalize                            - Undefined Weak Reference
    __sigvec_lookup                           - Undefined Weak Reference
    _atexit_init                              - Undefined Weak Reference
    _call_atexit_fns                          - Undefined Weak Reference
    _clock_init                               - Undefined Weak Reference
    _fp_trap_init                             - Undefined Weak Reference
    _fp_trap_shutdown                         - Undefined Weak Reference
    _get_lc_collate                           - Undefined Weak Reference
    _get_lc_ctype                             - Undefined Weak Reference
    _get_lc_monetary                          - Undefined Weak Reference
    _get_lc_time                              - Undefined Weak Reference
    _getenv_init                              - Undefined Weak Reference
    _handle_redirection                       - Undefined Weak Reference
    _init_alloc                               - Undefined Weak Reference
    _init_user_alloc                          - Undefined Weak Reference
    _initio                                   - Undefined Weak Reference
    _mutex_acquire                            - Undefined Weak Reference
    _mutex_release                            - Undefined Weak Reference
    _printf_post_padding                      - Undefined Weak Reference
    _printf_pre_padding                       - Undefined Weak Reference
    _rand_init                                - Undefined Weak Reference
    _signal_finish                            - Undefined Weak Reference
    _signal_init                              - Undefined Weak Reference
    _terminate_alloc                          - Undefined Weak Reference
    _terminate_user_alloc                     - Undefined Weak Reference
    _terminateio                              - Undefined Weak Reference
    __Vectors_Size                           0x00000130   Number         0  startup_stm32f10x_hd.o ABSOLUTE
    __Vectors                                0x08000000   Data           4  startup_stm32f10x_hd.o(RESET)
    __Vectors_End                            0x08000130   Data           0  startup_stm32f10x_hd.o(RESET)
    __main                                   0x08000131   Thumb Code     8  __main.o(!!!main)
    __scatterload                            0x08000139   Thumb Code     0  __scatter.o(!!!scatter)
    __scatterload_rt2                        0x08000139   Thumb Code    44  __scatter.o(!!!scatter)
    __scatterload_rt2_thumb_only             0x08000139   Thumb Code     0  __scatter.o(!!!scatter)
    __scatterload_null                       0x08000147   Thumb Code     0  __scatter.o(!!!scatter)
    __scatterload_copy                       0x0800016d   Thumb Code    26  __scatter_copy.o(!!handler_copy)
    __scatterload_zeroinit                   0x08000189   Thumb Code    28  __scatter_zi.o(!!handler_zi)
    _printf_f                                0x080001a5   Thumb Code     0  _printf_f.o(.ARM.Collect$$_printf_percent$$00000003)
    _printf_percent                          0x080001a5   Thumb Code     0  _printf_percent.o(.ARM.Collect$$_printf_percent$$00000000)
    _printf_percent_end                      0x080001ab   Thumb Code     0  _printf_percent_end.o(.ARM.Collect$$_printf_percent$$00000017)
    __rt_lib_init                            0x080001af   Thumb Code     0  libinit.o(.ARM.Collect$$libinit$$00000000)
    __rt_lib_init_fp_1                       0x080001b1   Thumb Code     0  libinit2.o(.ARM.Collect$$libinit$$00000002)
    __rt_lib_init_heap_1                     0x080001b1   Thumb Code     0  libinit2.o(.ARM.Collect$$libinit$$0000000A)
    __rt_lib_init_lc_common                  0x080001b1   Thumb Code     0  libinit2.o(.ARM.Collect$$libinit$$0000000F)
    __rt_lib_init_preinit_1                  0x080001b1   Thumb Code     0  libinit2.o(.ARM.Collect$$libinit$$00000004)
    __rt_lib_init_rand_1                     0x080001b1   Thumb Code     0  libinit2.o(.ARM.Collect$$libinit$$0000000E)
    __rt_lib_init_user_alloc_1               0x080001b1   Thumb Code     0  libinit2.o(.ARM.Collect$$libinit$$0000000C)
    __rt_lib_init_lc_collate_1               0x080001b7   Thumb Code     0  libinit2.o(.ARM.Collect$$libinit$$00000011)
    __rt_lib_init_lc_ctype_1                 0x080001b7   Thumb Code     0  libinit2.o(.ARM.Collect$$libinit$$00000013)
    __rt_lib_init_lc_monetary_1              0x080001b7   Thumb Code     0  libinit2.o(.ARM.Collect$$libinit$$00000015)
    __rt_lib_init_lc_numeric_2               0x080001b7   Thumb Code     0  libinit2.o(.ARM.Collect$$libinit$$00000016)
    __rt_lib_init_alloca_1                   0x080001c1   Thumb Code     0  libinit2.o(.ARM.Collect$$libinit$$0000002E)
    __rt_lib_init_argv_1                     0x080001c1   Thumb Code     0  libinit2.o(.ARM.Collect$$libinit$$0000002C)
    __rt_lib_init_atexit_1                   0x080001c1   Thumb Code     0  libinit2.o(.ARM.Collect$$libinit$$0000001B)
    __rt_lib_init_clock_1                    0x080001c1   Thumb Code     0  libinit2.o(.ARM.Collect$$libinit$$00000021)
    __rt_lib_init_cpp_1                      0x080001c1   Thumb Code     0  libinit2.o(.ARM.Collect$$libinit$$00000032)
    __rt_lib_init_exceptions_1               0x080001c1   Thumb Code     0  libinit2.o(.ARM.Collect$$libinit$$00000030)
    __rt_lib_init_fp_trap_1                  0x080001c1   Thumb Code     0  libinit2.o(.ARM.Collect$$libinit$$0000001F)
    __rt_lib_init_getenv_1                   0x080001c1   Thumb Code     0  libinit2.o(.ARM.Collect$$libinit$$00000023)
    __rt_lib_init_lc_numeric_1               0x080001c1   Thumb Code     0  libinit2.o(.ARM.Collect$$libinit$$00000017)
    __rt_lib_init_lc_time_1                  0x080001c1   Thumb Code     0  libinit2.o(.ARM.Collect$$libinit$$00000019)
    __rt_lib_init_return                     0x080001c1   Thumb Code     0  libinit2.o(.ARM.Collect$$libinit$$00000033)
    __rt_lib_init_signal_1                   0x080001c1   Thumb Code     0  libinit2.o(.ARM.Collect$$libinit$$0000001D)
    __rt_lib_init_stdio_1                    0x080001c1   Thumb Code     0  libinit2.o(.ARM.Collect$$libinit$$00000025)
    __rt_lib_shutdown                        0x080001c3   Thumb Code     0  libshutdown.o(.ARM.Collect$$libshutdown$$00000000)
    __rt_lib_shutdown_fp_trap_1              0x080001c5   Thumb Code     0  libshutdown2.o(.ARM.Collect$$libshutdown$$00000006)
    __rt_lib_shutdown_heap_1                 0x080001c5   Thumb Code     0  libshutdown2.o(.ARM.Collect$$libshutdown$$0000000E)
    __rt_lib_shutdown_return                 0x080001c5   Thumb Code     0  libshutdown2.o(.ARM.Collect$$libshutdown$$0000000F)
    __rt_lib_shutdown_signal_1               0x080001c5   Thumb Code     0  libshutdown2.o(.ARM.Collect$$libshutdown$$00000009)
    __rt_lib_shutdown_stdio_1                0x080001c5   Thumb Code     0  libshutdown2.o(.ARM.Collect$$libshutdown$$00000003)
    __rt_lib_shutdown_user_alloc_1           0x080001c5   Thumb Code     0  libshutdown2.o(.ARM.Collect$$libshutdown$$0000000B)
    __rt_entry                               0x080001c7   Thumb Code     0  __rtentry.o(.ARM.Collect$$rtentry$$00000000)
    __rt_entry_presh_1                       0x080001c7   Thumb Code     0  __rtentry2.o(.ARM.Collect$$rtentry$$00000002)
    __rt_entry_sh                            0x080001c7   Thumb Code     0  __rtentry4.o(.ARM.Collect$$rtentry$$00000004)
    __rt_entry_li                            0x080001cd   Thumb Code     0  __rtentry2.o(.ARM.Collect$$rtentry$$0000000A)
    __rt_entry_postsh_1                      0x080001cd   Thumb Code     0  __rtentry2.o(.ARM.Collect$$rtentry$$00000009)
    __rt_entry_main                          0x080001d1   Thumb Code     0  __rtentry2.o(.ARM.Collect$$rtentry$$0000000D)
    __rt_entry_postli_1                      0x080001d1   Thumb Code     0  __rtentry2.o(.ARM.Collect$$rtentry$$0000000C)
    __rt_exit                                0x080001d9   Thumb Code     0  rtexit.o(.ARM.Collect$$rtexit$$00000000)
    __rt_exit_ls                             0x080001db   Thumb Code     0  rtexit2.o(.ARM.Collect$$rtexit$$00000003)
    __rt_exit_prels_1                        0x080001db   Thumb Code     0  rtexit2.o(.ARM.Collect$$rtexit$$00000002)
    __rt_exit_exit                           0x080001df   Thumb Code     0  rtexit2.o(.ARM.Collect$$rtexit$$00000004)
    Reset_Handler                            0x080001e5   Thumb Code     8  startup_stm32f10x_hd.o(.text)
    ADC1_2_IRQHandler                        0x080001ff   Thumb Code     0  startup_stm32f10x_hd.o(.text)
    ADC3_IRQHandler                          0x080001ff   Thumb Code     0  startup_stm32f10x_hd.o(.text)
    CAN1_RX1_IRQHandler                      0x080001ff   Thumb Code     0  startup_stm32f10x_hd.o(.text)
    CAN1_SCE_IRQHandler                      0x080001ff   Thumb Code     0  startup_stm32f10x_hd.o(.text)
    DMA1_Channel1_IRQHandler                 0x080001ff   Thumb Code     0  startup_stm32f10x_hd.o(.text)
    DMA1_Channel2_IRQHandler                 0x080001ff   Thumb Code     0  startup_stm32f10x_hd.o(.text)
    DMA1_Channel3_IRQHandler                 0x080001ff   Thumb Code     0  startup_stm32f10x_hd.o(.text)
    DMA1_Channel4_IRQHandler                 0x080001ff   Thumb Code     0  startup_stm32f10x_hd.o(.text)
    DMA1_Channel5_IRQHandler                 0x080001ff   Thumb Code     0  startup_stm32f10x_hd.o(.text)
    DMA1_Channel6_IRQHandler                 0x080001ff   Thumb Code     0  startup_stm32f10x_hd.o(.text)
    DMA1_Channel7_IRQHandler                 0x080001ff   Thumb Code     0  startup_stm32f10x_hd.o(.text)
    DMA2_Channel1_IRQHandler                 0x080001ff   Thumb Code     0  startup_stm32f10x_hd.o(.text)
    DMA2_Channel2_IRQHandler                 0x080001ff   Thumb Code     0  startup_stm32f10x_hd.o(.text)
    DMA2_Channel3_IRQHandler                 0x080001ff   Thumb Code     0  startup_stm32f10x_hd.o(.text)
    DMA2_Channel4_5_IRQHandler               0x080001ff   Thumb Code     0  startup_stm32f10x_hd.o(.text)
    EXTI0_IRQHandler                         0x080001ff   Thumb Code     0  startup_stm32f10x_hd.o(.text)
    EXTI15_10_IRQHandler                     0x080001ff   Thumb Code     0  startup_stm32f10x_hd.o(.text)
    EXTI1_IRQHandler                         0x080001ff   Thumb Code     0  startup_stm32f10x_hd.o(.text)
    EXTI2_IRQHandler                         0x080001ff   Thumb Code     0  startup_stm32f10x_hd.o(.text)
    EXTI3_IRQHandler                         0x080001ff   Thumb Code     0  startup_stm32f10x_hd.o(.text)
    EXTI4_IRQHandler                         0x080001ff   Thumb Code     0  startup_stm32f10x_hd.o(.text)
    EXTI9_5_IRQHandler                       0x080001ff   Thumb Code     0  startup_stm32f10x_hd.o(.text)
    FLASH_IRQHandler                         0x080001ff   Thumb Code     0  startup_stm32f10x_hd.o(.text)
    FSMC_IRQHandler                          0x080001ff   Thumb Code     0  startup_stm32f10x_hd.o(.text)
    I2C1_ER_IRQHandler                       0x080001ff   Thumb Code     0  startup_stm32f10x_hd.o(.text)
    I2C1_EV_IRQHandler                       0x080001ff   Thumb Code     0  startup_stm32f10x_hd.o(.text)
    I2C2_ER_IRQHandler                       0x080001ff   Thumb Code     0  startup_stm32f10x_hd.o(.text)
    I2C2_EV_IRQHandler                       0x080001ff   Thumb Code     0  startup_stm32f10x_hd.o(.text)
    PVD_IRQHandler                           0x080001ff   Thumb Code     0  startup_stm32f10x_hd.o(.text)
    RCC_IRQHandler                           0x080001ff   Thumb Code     0  startup_stm32f10x_hd.o(.text)
    RTCAlarm_IRQHandler                      0x080001ff   Thumb Code     0  startup_stm32f10x_hd.o(.text)
    RTC_IRQHandler                           0x080001ff   Thumb Code     0  startup_stm32f10x_hd.o(.text)
    SDIO_IRQHandler                          0x080001ff   Thumb Code     0  startup_stm32f10x_hd.o(.text)
    SPI1_IRQHandler                          0x080001ff   Thumb Code     0  startup_stm32f10x_hd.o(.text)
    SPI2_IRQHandler                          0x080001ff   Thumb Code     0  startup_stm32f10x_hd.o(.text)
    SPI3_IRQHandler                          0x080001ff   Thumb Code     0  startup_stm32f10x_hd.o(.text)
    TAMPER_IRQHandler                        0x080001ff   Thumb Code     0  startup_stm32f10x_hd.o(.text)
    TIM1_BRK_IRQHandler                      0x080001ff   Thumb Code     0  startup_stm32f10x_hd.o(.text)
    TIM1_CC_IRQHandler                       0x080001ff   Thumb Code     0  startup_stm32f10x_hd.o(.text)
    TIM1_TRG_COM_IRQHandler                  0x080001ff   Thumb Code     0  startup_stm32f10x_hd.o(.text)
    TIM1_UP_IRQHandler                       0x080001ff   Thumb Code     0  startup_stm32f10x_hd.o(.text)
    TIM2_IRQHandler                          0x080001ff   Thumb Code     0  startup_stm32f10x_hd.o(.text)
    TIM3_IRQHandler                          0x080001ff   Thumb Code     0  startup_stm32f10x_hd.o(.text)
    TIM4_IRQHandler                          0x080001ff   Thumb Code     0  startup_stm32f10x_hd.o(.text)
    TIM5_IRQHandler                          0x080001ff   Thumb Code     0  startup_stm32f10x_hd.o(.text)
    TIM6_IRQHandler                          0x080001ff   Thumb Code     0  startup_stm32f10x_hd.o(.text)
    TIM7_IRQHandler                          0x080001ff   Thumb Code     0  startup_stm32f10x_hd.o(.text)
    TIM8_BRK_IRQHandler                      0x080001ff   Thumb Code     0  startup_stm32f10x_hd.o(.text)
    TIM8_CC_IRQHandler                       0x080001ff   Thumb Code     0  startup_stm32f10x_hd.o(.text)
    TIM8_TRG_COM_IRQHandler                  0x080001ff   Thumb Code     0  startup_stm32f10x_hd.o(.text)
    TIM8_UP_IRQHandler                       0x080001ff   Thumb Code     0  startup_stm32f10x_hd.o(.text)
    USBWakeUp_IRQHandler                     0x080001ff   Thumb Code     0  startup_stm32f10x_hd.o(.text)
    USB_HP_CAN1_TX_IRQHandler                0x080001ff   Thumb Code     0  startup_stm32f10x_hd.o(.text)
    USB_LP_CAN1_RX0_IRQHandler               0x080001ff   Thumb Code     0  startup_stm32f10x_hd.o(.text)
    WWDG_IRQHandler                          0x080001ff   Thumb Code     0  startup_stm32f10x_hd.o(.text)
    __user_initial_stackheap                 0x08000201   Thumb Code     0  startup_stm32f10x_hd.o(.text)
    __2printf                                0x08000225   Thumb Code    20  noretval__2printf.o(.text)
    __printf                                 0x0800023d   Thumb Code   104  __printf.o(.text)
    __use_two_region_memory                  0x080002a5   Thumb Code     2  heapauxi.o(.text)
    __rt_heap_escrow$2region                 0x080002a7   Thumb Code     2  heapauxi.o(.text)
    __rt_heap_expand$2region                 0x080002a9   Thumb Code     2  heapauxi.o(.text)
    __lib_sel_fp_printf                      0x080002ab   Thumb Code     2  _printf_fp_dec.o(.text)
    _printf_fp_dec_real                      0x08000459   Thumb Code   620  _printf_fp_dec.o(.text)
    _printf_char_file                        0x080006c5   Thumb Code    32  _printf_char_file.o(.text)
    __rt_locale                              0x080006e9   Thumb Code     8  rt_locale_intlibspace.o(.text)
    _ll_udiv10                               0x080006f1   Thumb Code   138  lludiv10.o(.text)
    _printf_char_common                      0x08000787   Thumb Code    32  _printf_char_common.o(.text)
    _printf_fp_infnan                        0x080007ad   Thumb Code   112  _printf_fp_infnan.o(.text)
    _btod_etento                             0x0800082d   Thumb Code   216  bigflt0.o(.text)
    ferror                                   0x08000909   Thumb Code     8  ferror.o(.text)
    __user_libspace                          0x08000911   Thumb Code     8  libspace.o(.text)
    __user_perproc_libspace                  0x08000911   Thumb Code     0  libspace.o(.text)
    __user_perthread_libspace                0x08000911   Thumb Code     0  libspace.o(.text)
    __user_setup_stackheap                   0x08000919   Thumb Code    74  sys_stackheap_outer.o(.text)
    exit                                     0x08000963   Thumb Code    12  exit.o(.text)
    strcmp                                   0x08000971   Thumb Code   128  strcmpv7m.o(.text)
    _sys_exit                                0x080009f1   Thumb Code     8  sys_exit.o(.text)
    __I$use$semihosting                      0x080009fd   Thumb Code     0  use_no_semi.o(.text)
    __use_no_semihosting_swi                 0x080009fd   Thumb Code     2  use_no_semi.o(.text)
    __semihosting_library_function           0x080009ff   Thumb Code     0  indicate_semi.o(.text)
    _btod_d2e                                0x080009ff   Thumb Code    62  btod.o(CL$$btod_d2e)
    _d2e_denorm_low                          0x08000a3d   Thumb Code    70  btod.o(CL$$btod_d2e_denorm_low)
    _d2e_norm_op1                            0x08000a83   Thumb Code    96  btod.o(CL$$btod_d2e_norm_op1)
    __btod_div_common                        0x08000ae3   Thumb Code   696  btod.o(CL$$btod_div_common)
    _e2e                                     0x08000e1b   Thumb Code   198  btod.o(CL$$btod_e2e)
    _btod_ediv                               0x08000ee1   Thumb Code    40  btod.o(CL$$btod_ediv)
    _btod_emul                               0x08000f09   Thumb Code    40  btod.o(CL$$btod_emul)
    __btod_mult_common                       0x08000f31   Thumb Code   580  btod.o(CL$$btod_mult_common)
    ADC_Cmd                                  0x08001175   Thumb Code    22  stm32f10x_adc.o(i.ADC_Cmd)
    ADC_DMACmd                               0x0800118b   Thumb Code    22  stm32f10x_adc.o(i.ADC_DMACmd)
    ADC_GetCalibrationStatus                 0x080011a1   Thumb Code    20  stm32f10x_adc.o(i.ADC_GetCalibrationStatus)
    ADC_GetResetCalibrationStatus            0x080011b5   Thumb Code    20  stm32f10x_adc.o(i.ADC_GetResetCalibrationStatus)
    ADC_INT_Channel_0_Init                   0x080011c9   Thumb Code    16  adc.o(i.ADC_INT_Channel_0_Init)
    ADC_INT_Channel_10_Init                  0x080011dd   Thumb Code    16  adc.o(i.ADC_INT_Channel_10_Init)
    ADC_INT_Channel_11_Init                  0x080011f1   Thumb Code    16  adc.o(i.ADC_INT_Channel_11_Init)
    ADC_INT_Channel_12_Init                  0x08001205   Thumb Code    16  adc.o(i.ADC_INT_Channel_12_Init)
    ADC_INT_Channel_13_Init                  0x08001219   Thumb Code    16  adc.o(i.ADC_INT_Channel_13_Init)
    ADC_INT_Channel_14_Init                  0x0800122d   Thumb Code    46  adc.o(i.ADC_INT_Channel_14_Init)
    ADC_INT_Channel_15_Init                  0x08001271   Thumb Code    46  adc.o(i.ADC_INT_Channel_15_Init)
    ADC_INT_Channel_1_Init                   0x080012b5   Thumb Code    16  adc.o(i.ADC_INT_Channel_1_Init)
    ADC_INT_Channel_2_Init                   0x080012c9   Thumb Code    16  adc.o(i.ADC_INT_Channel_2_Init)
    ADC_INT_Channel_3_Init                   0x080012dd   Thumb Code    16  adc.o(i.ADC_INT_Channel_3_Init)
    ADC_INT_Channel_4_Init                   0x080012f1   Thumb Code    46  adc.o(i.ADC_INT_Channel_4_Init)
    ADC_INT_Channel_5_Init                   0x08001335   Thumb Code    46  adc.o(i.ADC_INT_Channel_5_Init)
    ADC_INT_Channel_6_Init                   0x08001379   Thumb Code    46  adc.o(i.ADC_INT_Channel_6_Init)
    ADC_INT_Channel_7_Init                   0x080013bd   Thumb Code    46  adc.o(i.ADC_INT_Channel_7_Init)
    ADC_INT_Channel_8_Init                   0x08001401   Thumb Code    46  adc.o(i.ADC_INT_Channel_8_Init)
    ADC_INT_Channel_9_Init                   0x08001445   Thumb Code    46  adc.o(i.ADC_INT_Channel_9_Init)
    ADC_INT_InitPin                          0x08001489   Thumb Code    36  adc.o(i.ADC_INT_InitPin)
    ADC_Init                                 0x080014ad   Thumb Code    70  stm32f10x_adc.o(i.ADC_Init)
    ADC_ResetCalibration                     0x080014fd   Thumb Code    10  stm32f10x_adc.o(i.ADC_ResetCalibration)
    ADC_SoftwareStartConvCmd                 0x08001507   Thumb Code    22  stm32f10x_adc.o(i.ADC_SoftwareStartConvCmd)
    ADC_StartCalibration                     0x0800151d   Thumb Code    10  stm32f10x_adc.o(i.ADC_StartCalibration)
    Adc_Init                                 0x08001529   Thumb Code   428  adc.o(i.Adc_Init)
    BusFault_Handler                         0x080016e9   Thumb Code     4  stm32f10x_it.o(i.BusFault_Handler)
    DMA_Cmd                                  0x080016ed   Thumb Code    24  stm32f10x_dma.o(i.DMA_Cmd)
    DMA_DeInit                               0x08001705   Thumb Code   324  stm32f10x_dma.o(i.DMA_DeInit)
    DMA_Init                                 0x08001851   Thumb Code    60  stm32f10x_dma.o(i.DMA_Init)
    DebugMon_Handler                         0x0800188d   Thumb Code     2  stm32f10x_it.o(i.DebugMon_Handler)
    GPIO_Init                                0x0800188f   Thumb Code   278  stm32f10x_gpio.o(i.GPIO_Init)
    HardFault_Handler                        0x080019a5   Thumb Code     4  stm32f10x_it.o(i.HardFault_Handler)
    MemManage_Handler                        0x080019a9   Thumb Code     4  stm32f10x_it.o(i.MemManage_Handler)
    NMI_Handler                              0x080019ad   Thumb Code     2  stm32f10x_it.o(i.NMI_Handler)
    NVIC_Init                                0x080019b1   Thumb Code   100  misc.o(i.NVIC_Init)
    PendSV_Handler                           0x08001a21   Thumb Code     2  stm32f10x_it.o(i.PendSV_Handler)
    RCC_AHBPeriphClockCmd                    0x08001a25   Thumb Code    26  stm32f10x_rcc.o(i.RCC_AHBPeriphClockCmd)
    RCC_APB1PeriphClockCmd                   0x08001a45   Thumb Code    26  stm32f10x_rcc.o(i.RCC_APB1PeriphClockCmd)
    RCC_APB1PeriphResetCmd                   0x08001a65   Thumb Code    26  stm32f10x_rcc.o(i.RCC_APB1PeriphResetCmd)
    RCC_APB2PeriphClockCmd                   0x08001a85   Thumb Code    26  stm32f10x_rcc.o(i.RCC_APB2PeriphClockCmd)
    RCC_APB2PeriphResetCmd                   0x08001aa5   Thumb Code    26  stm32f10x_rcc.o(i.RCC_APB2PeriphResetCmd)
    RCC_GetClocksFreq                        0x08001ac5   Thumb Code   192  stm32f10x_rcc.o(i.RCC_GetClocksFreq)
    SVC_Handler                              0x08001b99   Thumb Code     2  stm32f10x_it.o(i.SVC_Handler)
    SysTick_CLKSourceConfig                  0x08001c85   Thumb Code    40  misc.o(i.SysTick_CLKSourceConfig)
    SysTick_Handler                          0x08001cad   Thumb Code     2  stm32f10x_it.o(i.SysTick_Handler)
    SystemInit                               0x08001cb1   Thumb Code    78  system_stm32f10x.o(i.SystemInit)
    UART4_IRQHandler                         0x08001d11   Thumb Code    30  usart.o(i.UART4_IRQHandler)
    UART4_InitPins                           0x08001d39   Thumb Code    20  usart.o(i.UART4_InitPins)
    UART5_IRQHandler                         0x08001d4d   Thumb Code    28  usart.o(i.UART5_IRQHandler)
    UART5_InitPins                           0x08001d71   Thumb Code    14  usart.o(i.UART5_InitPins)
    USART1_IRQHandler                        0x08001d81   Thumb Code    30  usart.o(i.USART1_IRQHandler)
    USART1_InitPins                          0x08001da9   Thumb Code   122  usart.o(i.USART1_InitPins)
    USART2_IRQHandler                        0x08001e31   Thumb Code    30  usart.o(i.USART2_IRQHandler)
    USART2_InitPins                          0x08001e59   Thumb Code   128  usart.o(i.USART2_InitPins)
    USART3_IRQHandler                        0x08001ee5   Thumb Code    30  usart.o(i.USART3_IRQHandler)
    USART3_InitPins                          0x08001f0d   Thumb Code   194  usart.o(i.USART3_InitPins)
    USART_Cmd                                0x08001fe1   Thumb Code    24  stm32f10x_usart.o(i.USART_Cmd)
    USART_DeInit                             0x08001ff9   Thumb Code   134  stm32f10x_usart.o(i.USART_DeInit)
    USART_GetFlagStatus                      0x08002095   Thumb Code    26  stm32f10x_usart.o(i.USART_GetFlagStatus)
    USART_GetITStatus                        0x080020af   Thumb Code    84  stm32f10x_usart.o(i.USART_GetITStatus)
    USART_INT_GetSubPriority                 0x08002105   Thumb Code    44  usart.o(i.USART_INT_GetSubPriority)
    USART_INT_InsertToBuffer                 0x08002145   Thumb Code    44  usart.o(i.USART_INT_InsertToBuffer)
    USART_ITConfig                           0x08002171   Thumb Code    74  stm32f10x_usart.o(i.USART_ITConfig)
    USART_Init                               0x080021bd   Thumb Code   210  stm32f10x_usart.o(i.USART_Init)
    USART_Putc                               0x08002295   Thumb Code    26  usart.o(i.USART_Putc)
    USARTx_Init                              0x080022b1   Thumb Code   306  usart.o(i.USARTx_Init)
    UsageFault_Handler                       0x080023f9   Thumb Code     4  stm32f10x_it.o(i.UsageFault_Handler)
    __ARM_fpclassify                         0x080023fd   Thumb Code    40  fpclassify.o(i.__ARM_fpclassify)
    delay_init                               0x08002425   Thumb Code    50  delay.o(i.delay_init)
    delay_ms                                 0x08002469   Thumb Code    72  delay.o(i.delay_ms)
    fputc                                    0x080024b5   Thumb Code    18  usart.o(i.fputc)
    main                                     0x080024cd   Thumb Code   110  main.o(i.main)
    pinMode                                  0x08002551   Thumb Code   176  sys.o(i.pinMode)
    _get_lc_numeric                          0x08002605   Thumb Code    44  lc_numeric_c.o(locale$$code)
    __aeabi_d2f                              0x08002631   Thumb Code     0  d2f.o(x$fpl$d2f)
    _d2f                                     0x08002631   Thumb Code    98  d2f.o(x$fpl$d2f)
    __aeabi_dmul                             0x08002695   Thumb Code     0  dmul.o(x$fpl$dmul)
    _dmul                                    0x08002695   Thumb Code   332  dmul.o(x$fpl$dmul)
    __fpl_dnaninf                            0x080027e9   Thumb Code   156  dnaninf.o(x$fpl$dnaninf)
    __fpl_dretinf                            0x08002885   Thumb Code    12  dretinf.o(x$fpl$dretinf)
    __aeabi_f2d                              0x08002891   Thumb Code     0  f2d.o(x$fpl$f2d)
    _f2d                                     0x08002891   Thumb Code    86  f2d.o(x$fpl$f2d)
    __aeabi_ui2f                             0x080028e9   Thumb Code     0  fflt_clz.o(x$fpl$ffltu)
    _ffltu                                   0x080028e9   Thumb Code    38  fflt_clz.o(x$fpl$ffltu)
    __fpl_fnaninf                            0x0800290f   Thumb Code   140  fnaninf.o(x$fpl$fnaninf)
    __fpl_fretinf                            0x0800299b   Thumb Code    10  fretinf.o(x$fpl$fretinf)
    _printf_fp_dec                           0x080029a5   Thumb Code     4  printf1.o(x$fpl$printf1)
    __I$use$fp                               0x080029a8   Number         0  usenofp.o(x$fpl$usenofp)
    g_APinDescription                        0x080029a8   Data        2304  sys.o(.constdata)
    Region$$Table$$Base                      0x0800333c   Number         0  anon$$obj.o(Region$$Table)
    Region$$Table$$Limit                     0x0800335c   Number         0  anon$$obj.o(Region$$Table)
    ADC_ConvertedValue                       0x20000000   Data           2  adc.o(.data)
    vbatEnabled                              0x20000002   Data           1  adc.o(.data)
    mult_vref                                0x20000003   Data           1  adc.o(.data)
    mult_vbat                                0x20000004   Data           1  adc.o(.data)
    __stdout                                 0x2000000c   Data           4  usart.o(.data)
    F4_USART1                                0x20000010   Data          12  usart.o(.data)
    F4_USART2                                0x2000001c   Data          12  usart.o(.data)
    F4_USART3                                0x20000028   Data          12  usart.o(.data)
    F4_UART4                                 0x20000034   Data          12  usart.o(.data)
    F4_UART5                                 0x20000040   Data          12  usart.o(.data)
    F4_USART6                                0x2000004c   Data          12  usart.o(.data)
    GPIO_InitStruct                          0x20000058   Data           4  usart.o(.data)
    SystemCoreClock                          0x20000070   Data           4  system_stm32f10x.o(.data)
    AHBPrescTable                            0x20000074   Data          16  system_stm32f10x.o(.data)
    USART1_Buffer                            0x20000084   Data          32  usart.o(.bss)
    USART2_Buffer                            0x200000a4   Data          32  usart.o(.bss)
    USART3_Buffer                            0x200000c4   Data          32  usart.o(.bss)
    UART4_Buffer                             0x200000e4   Data          32  usart.o(.bss)
    UART5_Buffer                             0x20000104   Data          32  usart.o(.bss)
    USART6_Buffer                            0x20000124   Data          32  usart.o(.bss)
    __libspace_start                         0x20000144   Data          96  libspace.o(.bss)
    __temporary_stack_top$libspace           0x200001a4   Data           0  libspace.o(.bss)



==============================================================================

Memory Map of the image

  Image Entry point : 0x08000131

  Load Region LR_IROM1 (Base: 0x08000000, Size: 0x000033fc, Max: 0x00040000, ABSOLUTE)

    Execution Region ER_IROM1 (Base: 0x08000000, Size: 0x00003378, Max: 0x00040000, ABSOLUTE)

    Base Addr    Size         Type   Attr      Idx    E Section Name        Object

    0x08000000   0x00000130   Data   RO           19    RESET               startup_stm32f10x_hd.o
    0x08000130   0x00000008   Code   RO         1524  * !!!main             c_w.l(__main.o)
    0x08000138   0x00000034   Code   RO         1759    !!!scatter          c_w.l(__scatter.o)
    0x0800016c   0x0000001a   Code   RO         1761    !!handler_copy      c_w.l(__scatter_copy.o)
    0x08000186   0x00000002   PAD
    0x08000188   0x0000001c   Code   RO         1763    !!handler_zi        c_w.l(__scatter_zi.o)
    0x080001a4   0x00000000   Code   RO         1521    .ARM.Collect$$_printf_percent$$00000000  c_w.l(_printf_percent.o)
    0x080001a4   0x00000006   Code   RO         1520    .ARM.Collect$$_printf_percent$$00000003  c_w.l(_printf_f.o)
    0x080001aa   0x00000004   Code   RO         1545    .ARM.Collect$$_printf_percent$$00000017  c_w.l(_printf_percent_end.o)
    0x080001ae   0x00000002   Code   RO         1633    .ARM.Collect$$libinit$$00000000  c_w.l(libinit.o)
    0x080001b0   0x00000000   Code   RO         1635    .ARM.Collect$$libinit$$00000002  c_w.l(libinit2.o)
    0x080001b0   0x00000000   Code   RO         1637    .ARM.Collect$$libinit$$00000004  c_w.l(libinit2.o)
    0x080001b0   0x00000000   Code   RO         1640    .ARM.Collect$$libinit$$0000000A  c_w.l(libinit2.o)
    0x080001b0   0x00000000   Code   RO         1642    .ARM.Collect$$libinit$$0000000C  c_w.l(libinit2.o)
    0x080001b0   0x00000000   Code   RO         1644    .ARM.Collect$$libinit$$0000000E  c_w.l(libinit2.o)
    0x080001b0   0x00000006   Code   RO         1645    .ARM.Collect$$libinit$$0000000F  c_w.l(libinit2.o)
    0x080001b6   0x00000000   Code   RO         1647    .ARM.Collect$$libinit$$00000011  c_w.l(libinit2.o)
    0x080001b6   0x00000000   Code   RO         1649    .ARM.Collect$$libinit$$00000013  c_w.l(libinit2.o)
    0x080001b6   0x00000000   Code   RO         1651    .ARM.Collect$$libinit$$00000015  c_w.l(libinit2.o)
    0x080001b6   0x0000000a   Code   RO         1652    .ARM.Collect$$libinit$$00000016  c_w.l(libinit2.o)
    0x080001c0   0x00000000   Code   RO         1653    .ARM.Collect$$libinit$$00000017  c_w.l(libinit2.o)
    0x080001c0   0x00000000   Code   RO         1655    .ARM.Collect$$libinit$$00000019  c_w.l(libinit2.o)
    0x080001c0   0x00000000   Code   RO         1657    .ARM.Collect$$libinit$$0000001B  c_w.l(libinit2.o)
    0x080001c0   0x00000000   Code   RO         1659    .ARM.Collect$$libinit$$0000001D  c_w.l(libinit2.o)
    0x080001c0   0x00000000   Code   RO         1661    .ARM.Collect$$libinit$$0000001F  c_w.l(libinit2.o)
    0x080001c0   0x00000000   Code   RO         1663    .ARM.Collect$$libinit$$00000021  c_w.l(libinit2.o)
    0x080001c0   0x00000000   Code   RO         1665    .ARM.Collect$$libinit$$00000023  c_w.l(libinit2.o)
    0x080001c0   0x00000000   Code   RO         1667    .ARM.Collect$$libinit$$00000025  c_w.l(libinit2.o)
    0x080001c0   0x00000000   Code   RO         1671    .ARM.Collect$$libinit$$0000002C  c_w.l(libinit2.o)
    0x080001c0   0x00000000   Code   RO         1673    .ARM.Collect$$libinit$$0000002E  c_w.l(libinit2.o)
    0x080001c0   0x00000000   Code   RO         1675    .ARM.Collect$$libinit$$00000030  c_w.l(libinit2.o)
    0x080001c0   0x00000000   Code   RO         1677    .ARM.Collect$$libinit$$00000032  c_w.l(libinit2.o)
    0x080001c0   0x00000002   Code   RO         1678    .ARM.Collect$$libinit$$00000033  c_w.l(libinit2.o)
    0x080001c2   0x00000002   Code   RO         1708    .ARM.Collect$$libshutdown$$00000000  c_w.l(libshutdown.o)
    0x080001c4   0x00000000   Code   RO         1720    .ARM.Collect$$libshutdown$$00000003  c_w.l(libshutdown2.o)
    0x080001c4   0x00000000   Code   RO         1723    .ARM.Collect$$libshutdown$$00000006  c_w.l(libshutdown2.o)
    0x080001c4   0x00000000   Code   RO         1726    .ARM.Collect$$libshutdown$$00000009  c_w.l(libshutdown2.o)
    0x080001c4   0x00000000   Code   RO         1728    .ARM.Collect$$libshutdown$$0000000B  c_w.l(libshutdown2.o)
    0x080001c4   0x00000000   Code   RO         1731    .ARM.Collect$$libshutdown$$0000000E  c_w.l(libshutdown2.o)
    0x080001c4   0x00000002   Code   RO         1732    .ARM.Collect$$libshutdown$$0000000F  c_w.l(libshutdown2.o)
    0x080001c6   0x00000000   Code   RO         1540    .ARM.Collect$$rtentry$$00000000  c_w.l(__rtentry.o)
    0x080001c6   0x00000000   Code   RO         1556    .ARM.Collect$$rtentry$$00000002  c_w.l(__rtentry2.o)
    0x080001c6   0x00000006   Code   RO         1568    .ARM.Collect$$rtentry$$00000004  c_w.l(__rtentry4.o)
    0x080001cc   0x00000000   Code   RO         1558    .ARM.Collect$$rtentry$$00000009  c_w.l(__rtentry2.o)
    0x080001cc   0x00000004   Code   RO         1559    .ARM.Collect$$rtentry$$0000000A  c_w.l(__rtentry2.o)
    0x080001d0   0x00000000   Code   RO         1561    .ARM.Collect$$rtentry$$0000000C  c_w.l(__rtentry2.o)
    0x080001d0   0x00000008   Code   RO         1562    .ARM.Collect$$rtentry$$0000000D  c_w.l(__rtentry2.o)
    0x080001d8   0x00000002   Code   RO         1679    .ARM.Collect$$rtexit$$00000000  c_w.l(rtexit.o)
    0x080001da   0x00000000   Code   RO         1686    .ARM.Collect$$rtexit$$00000002  c_w.l(rtexit2.o)
    0x080001da   0x00000004   Code   RO         1687    .ARM.Collect$$rtexit$$00000003  c_w.l(rtexit2.o)
    0x080001de   0x00000006   Code   RO         1688    .ARM.Collect$$rtexit$$00000004  c_w.l(rtexit2.o)
    0x080001e4   0x00000040   Code   RO           20    .text               startup_stm32f10x_hd.o
    0x08000224   0x00000018   Code   RO         1496    .text               c_w.l(noretval__2printf.o)
    0x0800023c   0x00000068   Code   RO         1498    .text               c_w.l(__printf.o)
    0x080002a4   0x00000006   Code   RO         1522    .text               c_w.l(heapauxi.o)
    0x080002aa   0x0000041a   Code   RO         1541    .text               c_w.l(_printf_fp_dec.o)
    0x080006c4   0x00000024   Code   RO         1543    .text               c_w.l(_printf_char_file.o)
    0x080006e8   0x00000008   Code   RO         1573    .text               c_w.l(rt_locale_intlibspace.o)
    0x080006f0   0x0000008a   Code   RO         1575    .text               c_w.l(lludiv10.o)
    0x0800077a   0x00000002   PAD
    0x0800077c   0x00000030   Code   RO         1577    .text               c_w.l(_printf_char_common.o)
    0x080007ac   0x00000080   Code   RO         1579    .text               c_w.l(_printf_fp_infnan.o)
    0x0800082c   0x000000dc   Code   RO         1581    .text               c_w.l(bigflt0.o)
    0x08000908   0x00000008   Code   RO         1606    .text               c_w.l(ferror.o)
    0x08000910   0x00000008   Code   RO         1617    .text               c_w.l(libspace.o)
    0x08000918   0x0000004a   Code   RO         1620    .text               c_w.l(sys_stackheap_outer.o)
    0x08000962   0x0000000c   Code   RO         1624    .text               c_w.l(exit.o)
    0x0800096e   0x00000002   PAD
    0x08000970   0x00000080   Code   RO         1626    .text               c_w.l(strcmpv7m.o)
    0x080009f0   0x0000000c   Code   RO         1698    .text               c_w.l(sys_exit.o)
    0x080009fc   0x00000002   Code   RO         1709    .text               c_w.l(use_no_semi.o)
    0x080009fe   0x00000000   Code   RO         1711    .text               c_w.l(indicate_semi.o)
    0x080009fe   0x0000003e   Code   RO         1584    CL$$btod_d2e        c_w.l(btod.o)
    0x08000a3c   0x00000046   Code   RO         1586    CL$$btod_d2e_denorm_low  c_w.l(btod.o)
    0x08000a82   0x00000060   Code   RO         1585    CL$$btod_d2e_norm_op1  c_w.l(btod.o)
    0x08000ae2   0x00000338   Code   RO         1594    CL$$btod_div_common  c_w.l(btod.o)
    0x08000e1a   0x000000c6   Code   RO         1591    CL$$btod_e2e        c_w.l(btod.o)
    0x08000ee0   0x00000028   Code   RO         1588    CL$$btod_ediv       c_w.l(btod.o)
    0x08000f08   0x00000028   Code   RO         1587    CL$$btod_emul       c_w.l(btod.o)
    0x08000f30   0x00000244   Code   RO         1593    CL$$btod_mult_common  c_w.l(btod.o)
    0x08001174   0x00000016   Code   RO         1064    i.ADC_Cmd           stm32f10x_adc.o
    0x0800118a   0x00000016   Code   RO         1065    i.ADC_DMACmd        stm32f10x_adc.o
    0x080011a0   0x00000014   Code   RO         1072    i.ADC_GetCalibrationStatus  stm32f10x_adc.o
    0x080011b4   0x00000014   Code   RO         1078    i.ADC_GetResetCalibrationStatus  stm32f10x_adc.o
    0x080011c8   0x00000014   Code   RO          135    i.ADC_INT_Channel_0_Init  adc.o
    0x080011dc   0x00000014   Code   RO          136    i.ADC_INT_Channel_10_Init  adc.o
    0x080011f0   0x00000014   Code   RO          137    i.ADC_INT_Channel_11_Init  adc.o
    0x08001204   0x00000014   Code   RO          138    i.ADC_INT_Channel_12_Init  adc.o
    0x08001218   0x00000014   Code   RO          139    i.ADC_INT_Channel_13_Init  adc.o
    0x0800122c   0x00000044   Code   RO          140    i.ADC_INT_Channel_14_Init  adc.o
    0x08001270   0x00000044   Code   RO          141    i.ADC_INT_Channel_15_Init  adc.o
    0x080012b4   0x00000014   Code   RO          142    i.ADC_INT_Channel_1_Init  adc.o
    0x080012c8   0x00000014   Code   RO          143    i.ADC_INT_Channel_2_Init  adc.o
    0x080012dc   0x00000014   Code   RO          144    i.ADC_INT_Channel_3_Init  adc.o
    0x080012f0   0x00000044   Code   RO          145    i.ADC_INT_Channel_4_Init  adc.o
    0x08001334   0x00000044   Code   RO          146    i.ADC_INT_Channel_5_Init  adc.o
    0x08001378   0x00000044   Code   RO          147    i.ADC_INT_Channel_6_Init  adc.o
    0x080013bc   0x00000044   Code   RO          148    i.ADC_INT_Channel_7_Init  adc.o
    0x08001400   0x00000044   Code   RO          149    i.ADC_INT_Channel_8_Init  adc.o
    0x08001444   0x00000044   Code   RO          150    i.ADC_INT_Channel_9_Init  adc.o
    0x08001488   0x00000024   Code   RO          151    i.ADC_INT_InitPin   adc.o
    0x080014ac   0x00000050   Code   RO         1082    i.ADC_Init          stm32f10x_adc.o
    0x080014fc   0x0000000a   Code   RO         1087    i.ADC_ResetCalibration  stm32f10x_adc.o
    0x08001506   0x00000016   Code   RO         1089    i.ADC_SoftwareStartConvCmd  stm32f10x_adc.o
    0x0800151c   0x0000000a   Code   RO         1091    i.ADC_StartCalibration  stm32f10x_adc.o
    0x08001526   0x00000002   PAD
    0x08001528   0x000001c0   Code   RO          155    i.Adc_Init          adc.o
    0x080016e8   0x00000004   Code   RO         1395    i.BusFault_Handler  stm32f10x_it.o
    0x080016ec   0x00000018   Code   RO         1282    i.DMA_Cmd           stm32f10x_dma.o
    0x08001704   0x0000014c   Code   RO         1283    i.DMA_DeInit        stm32f10x_dma.o
    0x08001850   0x0000003c   Code   RO         1288    i.DMA_Init          stm32f10x_dma.o
    0x0800188c   0x00000002   Code   RO         1396    i.DebugMon_Handler  stm32f10x_it.o
    0x0800188e   0x00000116   Code   RO          570    i.GPIO_Init         stm32f10x_gpio.o
    0x080019a4   0x00000004   Code   RO         1397    i.HardFault_Handler  stm32f10x_it.o
    0x080019a8   0x00000004   Code   RO         1398    i.MemManage_Handler  stm32f10x_it.o
    0x080019ac   0x00000002   Code   RO         1399    i.NMI_Handler       stm32f10x_it.o
    0x080019ae   0x00000002   PAD
    0x080019b0   0x00000070   Code   RO          528    i.NVIC_Init         misc.o
    0x08001a20   0x00000002   Code   RO         1400    i.PendSV_Handler    stm32f10x_it.o
    0x08001a22   0x00000002   PAD
    0x08001a24   0x00000020   Code   RO          679    i.RCC_AHBPeriphClockCmd  stm32f10x_rcc.o
    0x08001a44   0x00000020   Code   RO          680    i.RCC_APB1PeriphClockCmd  stm32f10x_rcc.o
    0x08001a64   0x00000020   Code   RO          681    i.RCC_APB1PeriphResetCmd  stm32f10x_rcc.o
    0x08001a84   0x00000020   Code   RO          682    i.RCC_APB2PeriphClockCmd  stm32f10x_rcc.o
    0x08001aa4   0x00000020   Code   RO          683    i.RCC_APB2PeriphResetCmd  stm32f10x_rcc.o
    0x08001ac4   0x000000d4   Code   RO          690    i.RCC_GetClocksFreq  stm32f10x_rcc.o
    0x08001b98   0x00000002   Code   RO         1401    i.SVC_Handler       stm32f10x_it.o
    0x08001b9a   0x00000008   Code   RO         1458    i.SetSysClock       system_stm32f10x.o
    0x08001ba2   0x00000002   PAD
    0x08001ba4   0x000000e0   Code   RO         1459    i.SetSysClockTo72   system_stm32f10x.o
    0x08001c84   0x00000028   Code   RO          532    i.SysTick_CLKSourceConfig  misc.o
    0x08001cac   0x00000002   Code   RO         1402    i.SysTick_Handler   stm32f10x_it.o
    0x08001cae   0x00000002   PAD
    0x08001cb0   0x00000060   Code   RO         1461    i.SystemInit        system_stm32f10x.o
    0x08001d10   0x00000028   Code   RO          373    i.UART4_IRQHandler  usart.o
    0x08001d38   0x00000014   Code   RO          374    i.UART4_InitPins    usart.o
    0x08001d4c   0x00000024   Code   RO          375    i.UART5_IRQHandler  usart.o
    0x08001d70   0x0000000e   Code   RO          376    i.UART5_InitPins    usart.o
    0x08001d7e   0x00000002   PAD
    0x08001d80   0x00000028   Code   RO          377    i.USART1_IRQHandler  usart.o
    0x08001da8   0x00000088   Code   RO          378    i.USART1_InitPins   usart.o
    0x08001e30   0x00000028   Code   RO          379    i.USART2_IRQHandler  usart.o
    0x08001e58   0x0000008c   Code   RO          380    i.USART2_InitPins   usart.o
    0x08001ee4   0x00000028   Code   RO          381    i.USART3_IRQHandler  usart.o
    0x08001f0c   0x000000d4   Code   RO          382    i.USART3_InitPins   usart.o
    0x08001fe0   0x00000018   Code   RO          882    i.USART_Cmd         stm32f10x_usart.o
    0x08001ff8   0x0000009c   Code   RO          884    i.USART_DeInit      stm32f10x_usart.o
    0x08002094   0x0000001a   Code   RO          885    i.USART_GetFlagStatus  stm32f10x_usart.o
    0x080020ae   0x00000054   Code   RO          886    i.USART_GetITStatus  stm32f10x_usart.o
    0x08002102   0x00000002   PAD
    0x08002104   0x00000040   Code   RO          389    i.USART_INT_GetSubPriority  usart.o
    0x08002144   0x0000002c   Code   RO          391    i.USART_INT_InsertToBuffer  usart.o
    0x08002170   0x0000004a   Code   RO          888    i.USART_ITConfig    stm32f10x_usart.o
    0x080021ba   0x00000002   PAD
    0x080021bc   0x000000d8   Code   RO          889    i.USART_Init        stm32f10x_usart.o
    0x08002294   0x0000001a   Code   RO          392    i.USART_Putc        usart.o
    0x080022ae   0x00000002   PAD
    0x080022b0   0x00000148   Code   RO          394    i.USARTx_Init       usart.o
    0x080023f8   0x00000004   Code   RO         1403    i.UsageFault_Handler  stm32f10x_it.o
    0x080023fc   0x00000028   Code   RO         1615    i.__ARM_fpclassify  m_ws.l(fpclassify.o)
    0x08002424   0x00000044   Code   RO          289    i.delay_init        delay.o
    0x08002468   0x0000004c   Code   RO          290    i.delay_ms          delay.o
    0x080024b4   0x00000018   Code   RO          395    i.fputc             usart.o
    0x080024cc   0x00000084   Code   RO         1352    i.main              main.o
    0x08002550   0x000000b4   Code   RO          322    i.pinMode           sys.o
    0x08002604   0x0000002c   Code   RO         1611    locale$$code        c_w.l(lc_numeric_c.o)
    0x08002630   0x00000062   Code   RO         1526    x$fpl$d2f           fz_ws.l(d2f.o)
    0x08002692   0x00000002   PAD
    0x08002694   0x00000154   Code   RO         1528    x$fpl$dmul          fz_ws.l(dmul.o)
    0x080027e8   0x0000009c   Code   RO         1546    x$fpl$dnaninf       fz_ws.l(dnaninf.o)
    0x08002884   0x0000000c   Code   RO         1548    x$fpl$dretinf       fz_ws.l(dretinf.o)
    0x08002890   0x00000056   Code   RO         1530    x$fpl$f2d           fz_ws.l(f2d.o)
    0x080028e6   0x00000002   PAD
    0x080028e8   0x00000026   Code   RO         1532    x$fpl$ffltu         fz_ws.l(fflt_clz.o)
    0x0800290e   0x0000008c   Code   RO         1550    x$fpl$fnaninf       fz_ws.l(fnaninf.o)
    0x0800299a   0x0000000a   Code   RO         1552    x$fpl$fretinf       fz_ws.l(fretinf.o)
    0x080029a4   0x00000004   Code   RO         1538    x$fpl$printf1       fz_ws.l(printf1.o)
    0x080029a8   0x00000000   Code   RO         1554    x$fpl$usenofp       fz_ws.l(usenofp.o)
    0x080029a8   0x00000900   Data   RO          323    .constdata          sys.o
    0x080032a8   0x00000094   Data   RO         1582    .constdata          c_w.l(bigflt0.o)
    0x0800333c   0x00000020   Data   RO         1757    Region$$Table       anon$$obj.o
    0x0800335c   0x0000001c   Data   RO         1610    locale$$data        c_w.l(lc_numeric_c.o)


    Execution Region RW_IRAM1 (Base: 0x20000000, Size: 0x000007a8, Max: 0x0000c000, ABSOLUTE)

    Base Addr    Size         Type   Attr      Idx    E Section Name        Object

    0x20000000   0x00000005   Data   RW          157    .data               adc.o
    0x20000005   0x00000001   PAD
    0x20000006   0x00000004   Data   RW          292    .data               delay.o
    0x2000000a   0x00000002   PAD
    0x2000000c   0x00000050   Data   RW          397    .data               usart.o
    0x2000005c   0x00000014   Data   RW          710    .data               stm32f10x_rcc.o
    0x20000070   0x00000014   Data   RW         1462    .data               system_stm32f10x.o
    0x20000084   0x000000c0   Zero   RW          396    .bss                usart.o
    0x20000144   0x00000060   Zero   RW         1618    .bss                c_w.l(libspace.o)
    0x200001a4   0x00000004   PAD
    0x200001a8   0x00000200   Zero   RW           18    HEAP                startup_stm32f10x_hd.o
    0x200003a8   0x00000400   Zero   RW           17    STACK               startup_stm32f10x_hd.o


==============================================================================

Image component sizes


      Code (inc. data)   RO Data    RW Data    ZI Data      Debug   Object Name

      1188        228          0          5          0       9964   adc.o
         0          0          0          0          0       4536   core_cm3.o
       144         22          0          4          0       1088   delay.o
         0          0          0          0          0     246608   led.o
       132         22          0          0          0     203531   main.o
       152         12          0          0          0       1446   misc.o
        64         26        304          0       1536        772   startup_stm32f10x_hd.o
       206         10          0          0          0       6214   stm32f10x_adc.o
       416          8          0          0          0       3286   stm32f10x_dma.o
       278          0          0          0          0       1888   stm32f10x_gpio.o
        26          0          0          0          0       3414   stm32f10x_it.o
       372         50          0         20          0       5880   stm32f10x_rcc.o
       580         28          0          0          0       5403   stm32f10x_usart.o
       180          4       2304          0          0       4254   sys.o
       328         28          0         20          0       1925   system_stm32f10x.o
      1204        140          0         80        192      13097   usart.o

    ----------------------------------------------------------------------
      5288        578       2640        132       1728     513306   Object Totals
         0          0         32          0          0          0   (incl. Generated)
        18          0          0          3          0          0   (incl. Padding)

    ----------------------------------------------------------------------

      Code (inc. data)   RO Data    RW Data    ZI Data      Debug   Library Member Name

         8          0          0          0          0         68   __main.o
       104          0          0          0          0         84   __printf.o
         0          0          0          0          0          0   __rtentry.o
        12          0          0          0          0          0   __rtentry2.o
         6          0          0          0          0          0   __rtentry4.o
        52          8          0          0          0          0   __scatter.o
        26          0          0          0          0          0   __scatter_copy.o
        28          0          0          0          0          0   __scatter_zi.o
        48          6          0          0          0         96   _printf_char_common.o
        36          4          0          0          0         80   _printf_char_file.o
         6          0          0          0          0          0   _printf_f.o
      1050          0          0          0          0        216   _printf_fp_dec.o
       128         16          0          0          0         84   _printf_fp_infnan.o
         0          0          0          0          0          0   _printf_percent.o
         4          0          0          0          0          0   _printf_percent_end.o
       220          4        148          0          0         96   bigflt0.o
      1910        128          0          0          0        672   btod.o
        12          0          0          0          0         72   exit.o
         8          0          0          0          0         68   ferror.o
         6          0          0          0          0        152   heapauxi.o
         0          0          0          0          0          0   indicate_semi.o
        44         10         28          0          0         76   lc_numeric_c.o
         2          0          0          0          0          0   libinit.o
        18          0          0          0          0          0   libinit2.o
         2          0          0          0          0          0   libshutdown.o
         2          0          0          0          0          0   libshutdown2.o
         8          4          0          0         96         68   libspace.o
       138          0          0          0          0         80   lludiv10.o
        24          4          0          0          0         84   noretval__2printf.o
         8          4          0          0          0         68   rt_locale_intlibspace.o
         2          0          0          0          0          0   rtexit.o
        10          0          0          0          0          0   rtexit2.o
       128          0          0          0          0         68   strcmpv7m.o
        12          4          0          0          0         68   sys_exit.o
        74          0          0          0          0         80   sys_stackheap_outer.o
         2          0          0          0          0         68   use_no_semi.o
        98          4          0          0          0         92   d2f.o
       340         12          0          0          0        104   dmul.o
       156          4          0          0          0         92   dnaninf.o
        12          0          0          0          0         68   dretinf.o
        86          4          0          0          0         84   f2d.o
        38          0          0          0          0         68   fflt_clz.o
       140          4          0          0          0         84   fnaninf.o
        10          0          0          0          0         68   fretinf.o
         4          0          0          0          0         68   printf1.o
         0          0          0          0          0          0   usenofp.o
        40          0          0          0          0         68   fpclassify.o

    ----------------------------------------------------------------------
      5072        220        176          0        100       3144   Library Totals
        10          0          0          0          4          0   (incl. Padding)

    ----------------------------------------------------------------------

      Code (inc. data)   RO Data    RW Data    ZI Data      Debug   Library Name

      4138        192        176          0         96       2348   c_w.l
       884         28          0          0          0        728   fz_ws.l
        40          0          0          0          0         68   m_ws.l

    ----------------------------------------------------------------------
      5072        220        176          0        100       3144   Library Totals

    ----------------------------------------------------------------------

==============================================================================


      Code (inc. data)   RO Data    RW Data    ZI Data      Debug   

     10360        798       2816        132       1828     510986   Grand Totals
     10360        798       2816        132       1828     510986   ELF Image Totals
     10360        798       2816        132          0          0   ROM Totals

==============================================================================

    Total RO  Size (Code + RO Data)                13176 (  12.87kB)
    Total RW  Size (RW Data + ZI Data)              1960 (   1.91kB)
    Total ROM Size (Code + RO Data + RW Data)      13308 (  13.00kB)

==============================================================================

